Archive member included to satisfy reference by file (symbol)

c:/program files/ac6/plugins/fr.ac6.mcu.externaltools.arm-none.win32_1.16.0.201807130628/tools/compiler/bin/../lib/gcc/arm-none-eabi/7.2.1/../../../../arm-none-eabi/lib/thumb/v7e-m/fpv4-sp/hard\libc_nano.a(lib_a-exit.o)
                              c:/program files/ac6/plugins/fr.ac6.mcu.externaltools.arm-none.win32_1.16.0.201807130628/tools/compiler/bin/../lib/gcc/arm-none-eabi/7.2.1/../../../../arm-none-eabi/lib/thumb/v7e-m/fpv4-sp/hard/crt0.o (exit)
c:/program files/ac6/plugins/fr.ac6.mcu.externaltools.arm-none.win32_1.16.0.201807130628/tools/compiler/bin/../lib/gcc/arm-none-eabi/7.2.1/../../../../arm-none-eabi/lib/thumb/v7e-m/fpv4-sp/hard\libc_nano.a(lib_a-impure.o)
                              c:/program files/ac6/plugins/fr.ac6.mcu.externaltools.arm-none.win32_1.16.0.201807130628/tools/compiler/bin/../lib/gcc/arm-none-eabi/7.2.1/../../../../arm-none-eabi/lib/thumb/v7e-m/fpv4-sp/hard\libc_nano.a(lib_a-exit.o) (_global_impure_ptr)
c:/program files/ac6/plugins/fr.ac6.mcu.externaltools.arm-none.win32_1.16.0.201807130628/tools/compiler/bin/../lib/gcc/arm-none-eabi/7.2.1/../../../../arm-none-eabi/lib/thumb/v7e-m/fpv4-sp/hard\libc_nano.a(lib_a-init.o)
                              c:/program files/ac6/plugins/fr.ac6.mcu.externaltools.arm-none.win32_1.16.0.201807130628/tools/compiler/bin/../lib/gcc/arm-none-eabi/7.2.1/../../../../arm-none-eabi/lib/thumb/v7e-m/fpv4-sp/hard/crt0.o (__libc_init_array)
c:/program files/ac6/plugins/fr.ac6.mcu.externaltools.arm-none.win32_1.16.0.201807130628/tools/compiler/bin/../lib/gcc/arm-none-eabi/7.2.1/../../../../arm-none-eabi/lib/thumb/v7e-m/fpv4-sp/hard\libc_nano.a(lib_a-memset.o)
                              c:/program files/ac6/plugins/fr.ac6.mcu.externaltools.arm-none.win32_1.16.0.201807130628/tools/compiler/bin/../lib/gcc/arm-none-eabi/7.2.1/../../../../arm-none-eabi/lib/thumb/v7e-m/fpv4-sp/hard/crt0.o (memset)
c:/program files/ac6/plugins/fr.ac6.mcu.externaltools.arm-none.win32_1.16.0.201807130628/tools/compiler/bin/../lib/gcc/arm-none-eabi/7.2.1/../../../../arm-none-eabi/lib/thumb/v7e-m/fpv4-sp/hard\libnosys.a(_exit.o)
                              c:/program files/ac6/plugins/fr.ac6.mcu.externaltools.arm-none.win32_1.16.0.201807130628/tools/compiler/bin/../lib/gcc/arm-none-eabi/7.2.1/../../../../arm-none-eabi/lib/thumb/v7e-m/fpv4-sp/hard\libc_nano.a(lib_a-exit.o) (_exit)

Allocating common symbols
Common symbol       size              file

hdac1               0x14              Application/User/main.o
speaker_output      0x4               Application/User/main.o
uwTick              0x4               Drivers/STM32L4xx_HAL_Driver/stm32l4xx_hal.o
hdma_dac_ch1        0x48              Application/User/main.o
hadc1               0x68              Application/User/main.o
hadc3               0x68              Application/User/main.o
hdma_adc1           0x48              Application/User/main.o
htim6               0x40              Application/User/main.o
microphone          0x4               Application/User/main.o

Discarded input sections

 .text          0x00000000        0x0 c:/program files/ac6/plugins/fr.ac6.mcu.externaltools.arm-none.win32_1.16.0.201807130628/tools/compiler/bin/../lib/gcc/arm-none-eabi/7.2.1/thumb/v7e-m/fpv4-sp/hard/crti.o
 .data          0x00000000        0x0 c:/program files/ac6/plugins/fr.ac6.mcu.externaltools.arm-none.win32_1.16.0.201807130628/tools/compiler/bin/../lib/gcc/arm-none-eabi/7.2.1/thumb/v7e-m/fpv4-sp/hard/crti.o
 .bss           0x00000000        0x0 c:/program files/ac6/plugins/fr.ac6.mcu.externaltools.arm-none.win32_1.16.0.201807130628/tools/compiler/bin/../lib/gcc/arm-none-eabi/7.2.1/thumb/v7e-m/fpv4-sp/hard/crti.o
 .data          0x00000000        0x4 c:/program files/ac6/plugins/fr.ac6.mcu.externaltools.arm-none.win32_1.16.0.201807130628/tools/compiler/bin/../lib/gcc/arm-none-eabi/7.2.1/thumb/v7e-m/fpv4-sp/hard/crtbegin.o
 .text          0x00000000       0x74 c:/program files/ac6/plugins/fr.ac6.mcu.externaltools.arm-none.win32_1.16.0.201807130628/tools/compiler/bin/../lib/gcc/arm-none-eabi/7.2.1/../../../../arm-none-eabi/lib/thumb/v7e-m/fpv4-sp/hard/crt0.o
 .data          0x00000000        0x0 c:/program files/ac6/plugins/fr.ac6.mcu.externaltools.arm-none.win32_1.16.0.201807130628/tools/compiler/bin/../lib/gcc/arm-none-eabi/7.2.1/../../../../arm-none-eabi/lib/thumb/v7e-m/fpv4-sp/hard/crt0.o
 .bss           0x00000000        0x0 c:/program files/ac6/plugins/fr.ac6.mcu.externaltools.arm-none.win32_1.16.0.201807130628/tools/compiler/bin/../lib/gcc/arm-none-eabi/7.2.1/../../../../arm-none-eabi/lib/thumb/v7e-m/fpv4-sp/hard/crt0.o
 .ARM.extab     0x00000000        0x0 c:/program files/ac6/plugins/fr.ac6.mcu.externaltools.arm-none.win32_1.16.0.201807130628/tools/compiler/bin/../lib/gcc/arm-none-eabi/7.2.1/../../../../arm-none-eabi/lib/thumb/v7e-m/fpv4-sp/hard/crt0.o
[...]
Memory Configuration

Name             Origin             Length             Attributes
RAM              0x20000000         0x00018000         xrw
RAM2             0x10000000         0x00008000         xrw
FLASH            0x08000000         0x00100000         xr
*default*        0x00000000         0xffffffff

Linker script and memory map

LOAD c:/program files/ac6/plugins/fr.ac6.mcu.externaltools.arm-none.win32_1.16.0.201807130628/tools/compiler/bin/../lib/gcc/arm-none-eabi/7.2.1/thumb/v7e-m/fpv4-sp/hard/crti.o
LOAD c:/program files/ac6/plugins/fr.ac6.mcu.externaltools.arm-none.win32_1.16.0.201807130628/tools/compiler/bin/../lib/gcc/arm-none-eabi/7.2.1/thumb/v7e-m/fpv4-sp/hard/crtbegin.o
LOAD c:/program files/ac6/plugins/fr.ac6.mcu.externaltools.arm-none.win32_1.16.0.201807130628/tools/compiler/bin/../lib/gcc/arm-none-eabi/7.2.1/../../../../arm-none-eabi/lib/thumb/v7e-m/fpv4-sp/hard/crt0.o
LOAD Application/SW4STM32/startup_stm32l476xx.o
LOAD Application/User/main.o
LOAD Application/User/stm32l4xx_hal_msp.o
LOAD Application/User/stm32l4xx_it.o
LOAD Drivers/CMSIS/system_stm32l4xx.o
LOAD Drivers/STM32L4xx_HAL_Driver/stm32l4xx_hal.o
LOAD Drivers/STM32L4xx_HAL_Driver/stm32l4xx_hal_adc.o
LOAD Drivers/STM32L4xx_HAL_Driver/stm32l4xx_hal_adc_ex.o
LOAD Drivers/STM32L4xx_HAL_Driver/stm32l4xx_hal_cortex.o
LOAD Drivers/STM32L4xx_HAL_Driver/stm32l4xx_hal_dac.o
LOAD Drivers/STM32L4xx_HAL_Driver/stm32l4xx_hal_dac_ex.o
LOAD Drivers/STM32L4xx_HAL_Driver/stm32l4xx_hal_dma.o
LOAD Drivers/STM32L4xx_HAL_Driver/stm32l4xx_hal_dma_ex.o
LOAD Drivers/STM32L4xx_HAL_Driver/stm32l4xx_hal_flash.o
LOAD Drivers/STM32L4xx_HAL_Driver/stm32l4xx_hal_flash_ex.o
LOAD Drivers/STM32L4xx_HAL_Driver/stm32l4xx_hal_flash_ramfunc.o
LOAD Drivers/STM32L4xx_HAL_Driver/stm32l4xx_hal_gpio.o
LOAD Drivers/STM32L4xx_HAL_Driver/stm32l4xx_hal_i2c.o
LOAD Drivers/STM32L4xx_HAL_Driver/stm32l4xx_hal_i2c_ex.o
LOAD Drivers/STM32L4xx_HAL_Driver/stm32l4xx_hal_pwr.o
LOAD Drivers/STM32L4xx_HAL_Driver/stm32l4xx_hal_pwr_ex.o
LOAD Drivers/STM32L4xx_HAL_Driver/stm32l4xx_hal_rcc.o
LOAD Drivers/STM32L4xx_HAL_Driver/stm32l4xx_hal_rcc_ex.o
LOAD Drivers/STM32L4xx_HAL_Driver/stm32l4xx_hal_tim.o
LOAD Drivers/STM32L4xx_HAL_Driver/stm32l4xx_hal_tim_ex.o
LOAD c:/program files/ac6/plugins/fr.ac6.mcu.externaltools.arm-none.win32_1.16.0.201807130628/tools/compiler/bin/../lib/gcc/arm-none-eabi/7.2.1/../../../../arm-none-eabi/lib/thumb/v7e-m/fpv4-sp/hard\libm.a
START GROUP
LOAD c:/program files/ac6/plugins/fr.ac6.mcu.externaltools.arm-none.win32_1.16.0.201807130628/tools/compiler/bin/../lib/gcc/arm-none-eabi/7.2.1/thumb/v7e-m/fpv4-sp/hard\libgcc.a
LOAD c:/program files/ac6/plugins/fr.ac6.mcu.externaltools.arm-none.win32_1.16.0.201807130628/tools/compiler/bin/../lib/gcc/arm-none-eabi/7.2.1/../../../../arm-none-eabi/lib/thumb/v7e-m/fpv4-sp/hard\libc_nano.a
END GROUP
START GROUP
LOAD c:/program files/ac6/plugins/fr.ac6.mcu.externaltools.arm-none.win32_1.16.0.201807130628/tools/compiler/bin/../lib/gcc/arm-none-eabi/7.2.1/thumb/v7e-m/fpv4-sp/hard\libgcc.a
LOAD c:/program files/ac6/plugins/fr.ac6.mcu.externaltools.arm-none.win32_1.16.0.201807130628/tools/compiler/bin/../lib/gcc/arm-none-eabi/7.2.1/../../../../arm-none-eabi/lib/thumb/v7e-m/fpv4-sp/hard\libc_nano.a
LOAD c:/program files/ac6/plugins/fr.ac6.mcu.externaltools.arm-none.win32_1.16.0.201807130628/tools/compiler/bin/../lib/gcc/arm-none-eabi/7.2.1/../../../../arm-none-eabi/lib/thumb/v7e-m/fpv4-sp/hard\libnosys.a
END GROUP
START GROUP
LOAD c:/program files/ac6/plugins/fr.ac6.mcu.externaltools.arm-none.win32_1.16.0.201807130628/tools/compiler/bin/../lib/gcc/arm-none-eabi/7.2.1/thumb/v7e-m/fpv4-sp/hard\libgcc.a
LOAD c:/program files/ac6/plugins/fr.ac6.mcu.externaltools.arm-none.win32_1.16.0.201807130628/tools/compiler/bin/../lib/gcc/arm-none-eabi/7.2.1/../../../../arm-none-eabi/lib/thumb/v7e-m/fpv4-sp/hard\libc_nano.a
LOAD c:/program files/ac6/plugins/fr.ac6.mcu.externaltools.arm-none.win32_1.16.0.201807130628/tools/compiler/bin/../lib/gcc/arm-none-eabi/7.2.1/../../../../arm-none-eabi/lib/thumb/v7e-m/fpv4-sp/hard\libnosys.a
END GROUP
LOAD c:/program files/ac6/plugins/fr.ac6.mcu.externaltools.arm-none.win32_1.16.0.201807130628/tools/compiler/bin/../lib/gcc/arm-none-eabi/7.2.1/thumb/v7e-m/fpv4-sp/hard/crtend.o
LOAD c:/program files/ac6/plugins/fr.ac6.mcu.externaltools.arm-none.win32_1.16.0.201807130628/tools/compiler/bin/../lib/gcc/arm-none-eabi/7.2.1/thumb/v7e-m/fpv4-sp/hard/crtn.o
                0x20018000                _estack = 0x20018000
                0x00000200                _Min_Heap_Size = 0x200
                0x00000400                _Min_Stack_Size = 0x400

.isr_vector     0x08000000      0x188
                0x08000000                . = ALIGN (0x8)
 *(.isr_vector)
 .isr_vector    0x08000000      0x188 Application/SW4STM32/startup_stm32l476xx.o
                0x08000000                g_pfnVectors
                0x08000188                . = ALIGN (0x8)

.text           0x08000188     0x26e0
                0x08000188                . = ALIGN (0x8)
 *(.text)
 .text          0x08000188       0x40 c:/program files/ac6/plugins/fr.ac6.mcu.externaltools.arm-none.win32_1.16.0.201807130628/tools/compiler/bin/../lib/gcc/arm-none-eabi/7.2.1/thumb/v7e-m/fpv4-sp/hard/crtbegin.o
 *(.text*)
 .text.Reset_Handler
                0x080001c8       0x50 Application/SW4STM32/startup_stm32l476xx.o
                0x080001c8                Reset_Handler
 .text.Default_Handler
                0x08000218        0x2 Application/SW4STM32/startup_stm32l476xx.o
                0x08000218                RTC_Alarm_IRQHandler
                0x08000218                EXTI2_IRQHandler
                0x08000218                TIM8_TRG_COM_IRQHandler
                0x08000218                TIM8_CC_IRQHandler
                0x08000218                TIM1_CC_IRQHandler
                0x08000218                TSC_IRQHandler
                0x08000218                TAMP_STAMP_IRQHandler
                0x08000218                EXTI3_IRQHandler
                0x08000218                LPTIM2_IRQHandler
                0x08000218                DFSDM1_FLT1_IRQHandler
                0x08000218                I2C3_ER_IRQHandler
                0x08000218                DFSDM1_FLT2_IRQHandler
                0x08000218                EXTI0_IRQHandler
                0x08000218                I2C2_EV_IRQHandler
                0x08000218                CAN1_RX0_IRQHandler
                0x08000218                FPU_IRQHandler
                0x08000218                TIM1_UP_TIM16_IRQHandler
                0x08000218                ADC1_2_IRQHandler
                0x08000218                SPI1_IRQHandler
                0x08000218                TIM6_DAC_IRQHandler
                0x08000218                TIM8_UP_IRQHandler
                0x08000218                DMA2_Channel2_IRQHandler
                0x08000218                DMA1_Channel4_IRQHandler
                0x08000218                SAI2_IRQHandler
                0x08000218                DFSDM1_FLT3_IRQHandler
                0x08000218                USART3_IRQHandler
                0x08000218                DMA1_Channel7_IRQHandler
                0x08000218                CAN1_RX1_IRQHandler
                0x08000218                LCD_IRQHandler
                0x08000218                UART5_IRQHandler
                0x08000218                ADC3_IRQHandler
                0x08000218                TIM4_IRQHandler
                0x08000218                DMA2_Channel1_IRQHandler
                0x08000218                QUADSPI_IRQHandler
                0x08000218                I2C1_EV_IRQHandler
                0x08000218                DMA1_Channel6_IRQHandler
                0x08000218                UART4_IRQHandler
                0x08000218                DMA2_Channel4_IRQHandler
                0x08000218                TIM3_IRQHandler
                0x08000218                RCC_IRQHandler
                0x08000218                DMA1_Channel1_IRQHandler
                0x08000218                Default_Handler
                0x08000218                DMA2_Channel7_IRQHandler
                0x08000218                EXTI15_10_IRQHandler
                0x08000218                TIM7_IRQHandler
                0x08000218                SDMMC1_IRQHandler
                0x08000218                TIM5_IRQHandler
                0x08000218                I2C3_EV_IRQHandler
                0x08000218                EXTI9_5_IRQHandler
                0x08000218                RTC_WKUP_IRQHandler
                0x08000218                PVD_PVM_IRQHandler
                0x08000218                SPI2_IRQHandler
                0x08000218                CAN1_TX_IRQHandler
                0x08000218                DMA2_Channel5_IRQHandler
                0x08000218                DMA1_Channel5_IRQHandler
                0x08000218                EXTI4_IRQHandler
                0x08000218                RNG_IRQHandler
                0x08000218                TIM1_TRG_COM_TIM17_IRQHandler
                0x08000218                COMP_IRQHandler
                0x08000218                WWDG_IRQHandler
                0x08000218                LPUART1_IRQHandler
                0x08000218                DMA2_Channel6_IRQHandler
                0x08000218                TIM2_IRQHandler
                0x08000218                EXTI1_IRQHandler
                0x08000218                USART2_IRQHandler
                0x08000218                DFSDM1_FLT0_IRQHandler
                0x08000218                I2C2_ER_IRQHandler
                0x08000218                DMA1_Channel2_IRQHandler
                0x08000218                TIM8_BRK_IRQHandler
                0x08000218                CAN1_SCE_IRQHandler
                0x08000218                FLASH_IRQHandler
                0x08000218                USART1_IRQHandler
                0x08000218                OTG_FS_IRQHandler
                0x08000218                SPI3_IRQHandler
                0x08000218                I2C1_ER_IRQHandler
                0x08000218                FMC_IRQHandler
                0x08000218                SWPMI1_IRQHandler
                0x08000218                LPTIM1_IRQHandler
                0x08000218                SAI1_IRQHandler
                0x08000218                TIM1_BRK_TIM15_IRQHandler
 *fill*         0x0800021a        0x2 
 .text.MX_GPIO_Init
                0x0800021c       0x30 Application/User/main.o
 .text.MX_DMA_Init
                0x0800024c       0x54 Application/User/main.o
 .text.HAL_ADC_ConvCpltCallback
                0x080002a0       0xf4 Application/User/main.o
                0x080002a0                HAL_ADC_ConvCpltCallback
 .text.HAL_DAC_ConvCpltCallbackCh1
                0x08000394       0x2c Application/User/main.o
                0x08000394                HAL_DAC_ConvCpltCallbackCh1
 .text.HAL_DAC_ErrorCallbackCh1
                0x080003c0        0xc Application/User/main.o
                0x080003c0                HAL_DAC_ErrorCallbackCh1
 .text._Error_Handler
                0x080003cc        0x2 Application/User/main.o
                0x080003cc                _Error_Handler
 *fill*         0x080003ce        0x2 
 .text.MX_TIM6_Init
                0x080003d0       0x58 Application/User/main.o
 .text.MX_ADC1_Init
                0x08000428       0xa8 Application/User/main.o
 .text.MX_DAC1_Init
                0x080004d0       0x50 Application/User/main.o
 .text.MX_ADC3_Init
                0x08000520       0x88 Application/User/main.o
 .text.SystemClock_Config
                0x080005a8       0x9c Application/User/main.o
                0x080005a8                SystemClock_Config
 .text.main     0x08000644       0x40 Application/User/main.o
                0x08000644                main
 .text.HAL_MspInit
                0x08000684       0x90 Application/User/stm32l4xx_hal_msp.o
                0x08000684                HAL_MspInit
 .text.HAL_ADC_MspInit
                0x08000714       0xd0 Application/User/stm32l4xx_hal_msp.o
                0x08000714                HAL_ADC_MspInit
 .text.HAL_DAC_MspInit
                0x080007e4       0x8c Application/User/stm32l4xx_hal_msp.o
                0x080007e4                HAL_DAC_MspInit
 .text.HAL_TIM_Base_MspInit
                0x08000870       0x2c Application/User/stm32l4xx_hal_msp.o
                0x08000870                HAL_TIM_Base_MspInit
 .text.NMI_Handler
                0x0800089c        0x2 Application/User/stm32l4xx_it.o
                0x0800089c                NMI_Handler
 .text.HardFault_Handler
                0x0800089e        0x2 Application/User/stm32l4xx_it.o
                0x0800089e                HardFault_Handler
 .text.MemManage_Handler
                0x080008a0        0x2 Application/User/stm32l4xx_it.o
                0x080008a0                MemManage_Handler
 .text.BusFault_Handler
                0x080008a2        0x2 Application/User/stm32l4xx_it.o
                0x080008a2                BusFault_Handler
 .text.UsageFault_Handler
                0x080008a4        0x2 Application/User/stm32l4xx_it.o
                0x080008a4                UsageFault_Handler
 .text.SVC_Handler
                0x080008a6        0x2 Application/User/stm32l4xx_it.o
                0x080008a6                SVC_Handler
 .text.DebugMon_Handler
                0x080008a8        0x2 Application/User/stm32l4xx_it.o
                0x080008a8                DebugMon_Handler
 .text.PendSV_Handler
                0x080008aa        0x2 Application/User/stm32l4xx_it.o
                0x080008aa                PendSV_Handler
 .text.SysTick_Handler
                0x080008ac        0xc Application/User/stm32l4xx_it.o
                0x080008ac                SysTick_Handler
 .text.DMA1_Channel3_IRQHandler
                0x080008b8       0x10 Application/User/stm32l4xx_it.o
                0x080008b8                DMA1_Channel3_IRQHandler
 .text.DMA2_Channel3_IRQHandler
                0x080008c8       0x10 Application/User/stm32l4xx_it.o
                0x080008c8                DMA2_Channel3_IRQHandler
 .text.SystemInit
                0x080008d8       0x48 Drivers/CMSIS/system_stm32l4xx.o
                0x080008d8                SystemInit
 .text.HAL_InitTick
                0x08000920       0x2c Drivers/STM32L4xx_HAL_Driver/stm32l4xx_hal.o
                0x08000920                HAL_InitTick
 .text.HAL_Init
                0x0800094c       0x16 Drivers/STM32L4xx_HAL_Driver/stm32l4xx_hal.o
                0x0800094c                HAL_Init
 *fill*         0x08000962        0x2 
 .text.HAL_IncTick
                0x08000964       0x10 Drivers/STM32L4xx_HAL_Driver/stm32l4xx_hal.o
                0x08000964                HAL_IncTick
 .text.HAL_GetTick
                0x08000974        0xc Drivers/STM32L4xx_HAL_Driver/stm32l4xx_hal.o
                0x08000974                HAL_GetTick
 .text.HAL_Delay
                0x08000980       0x1e Drivers/STM32L4xx_HAL_Driver/stm32l4xx_hal.o
                0x08000980                HAL_Delay
 *fill*         0x0800099e        0x2 
 .text.HAL_ADC_Init
                0x080009a0      0x2a4 Drivers/STM32L4xx_HAL_Driver/stm32l4xx_hal_adc.o
                0x080009a0                HAL_ADC_Init
 .text.HAL_ADC_ConvHalfCpltCallback
                0x08000c44        0x2 Drivers/STM32L4xx_HAL_Driver/stm32l4xx_hal_adc.o
                0x08000c44                HAL_ADC_ConvHalfCpltCallback
 .text.ADC_DMAHalfConvCplt
                0x08000c46        0xa Drivers/STM32L4xx_HAL_Driver/stm32l4xx_hal_adc.o
                0x08000c46                ADC_DMAHalfConvCplt
 .text.HAL_ADC_ErrorCallback
                0x08000c50        0x2 Drivers/STM32L4xx_HAL_Driver/stm32l4xx_hal_adc.o
                0x08000c50                HAL_ADC_ErrorCallback
 .text.ADC_DMAConvCplt
                0x08000c52       0x88 Drivers/STM32L4xx_HAL_Driver/stm32l4xx_hal_adc.o
                0x08000c52                ADC_DMAConvCplt
 .text.ADC_DMAError
                0x08000cda       0x1a Drivers/STM32L4xx_HAL_Driver/stm32l4xx_hal_adc.o
                0x08000cda                ADC_DMAError
 .text.HAL_ADC_ConfigChannel
                0x08000cf4      0x49c Drivers/STM32L4xx_HAL_Driver/stm32l4xx_hal_adc.o
                0x08000cf4                HAL_ADC_ConfigChannel
 .text.ADC_Enable
                0x08001190       0xcc Drivers/STM32L4xx_HAL_Driver/stm32l4xx_hal_adc.o
                0x08001190                ADC_Enable
 .text.HAL_ADC_Start_DMA
                0x0800125c      0x128 Drivers/STM32L4xx_HAL_Driver/stm32l4xx_hal_adc.o
                0x0800125c                HAL_ADC_Start_DMA
 .text.HAL_ADCEx_MultiModeConfigChannel
                0x08001384      0x120 Drivers/STM32L4xx_HAL_Driver/stm32l4xx_hal_adc_ex.o
                0x08001384                HAL_ADCEx_MultiModeConfigChannel
 .text.HAL_NVIC_SetPriorityGrouping
                0x080014a4       0x24 Drivers/STM32L4xx_HAL_Driver/stm32l4xx_hal_cortex.o
                0x080014a4                HAL_NVIC_SetPriorityGrouping
 .text.HAL_NVIC_SetPriority
                0x080014c8       0x68 Drivers/STM32L4xx_HAL_Driver/stm32l4xx_hal_cortex.o
                0x080014c8                HAL_NVIC_SetPriority
 .text.HAL_NVIC_EnableIRQ
                0x08001530       0x18 Drivers/STM32L4xx_HAL_Driver/stm32l4xx_hal_cortex.o
                0x08001530                HAL_NVIC_EnableIRQ
 .text.HAL_SYSTICK_Config
                0x08001548       0x2c Drivers/STM32L4xx_HAL_Driver/stm32l4xx_hal_cortex.o
                0x08001548                HAL_SYSTICK_Config
 .text.HAL_SYSTICK_CLKSourceConfig
                0x08001574       0x20 Drivers/STM32L4xx_HAL_Driver/stm32l4xx_hal_cortex.o
                0x08001574                HAL_SYSTICK_CLKSourceConfig
 .text.HAL_SYSTICK_Callback
                0x08001594        0x2 Drivers/STM32L4xx_HAL_Driver/stm32l4xx_hal_cortex.o
                0x08001594                HAL_SYSTICK_Callback
 .text.HAL_SYSTICK_IRQHandler
                0x08001596        0x8 Drivers/STM32L4xx_HAL_Driver/stm32l4xx_hal_cortex.o
                0x08001596                HAL_SYSTICK_IRQHandler
 .text.HAL_DAC_Init
                0x0800159e       0x24 Drivers/STM32L4xx_HAL_Driver/stm32l4xx_hal_dac.o
                0x0800159e                HAL_DAC_Init
 .text.HAL_DAC_Start
                0x080015c2       0x5e Drivers/STM32L4xx_HAL_Driver/stm32l4xx_hal_dac.o
                0x080015c2                HAL_DAC_Start
 .text.HAL_DAC_Start_DMA
                0x08001620       0xf0 Drivers/STM32L4xx_HAL_Driver/stm32l4xx_hal_dac.o
                0x08001620                HAL_DAC_Start_DMA
 .text.HAL_DAC_Stop_DMA
                0x08001710       0x54 Drivers/STM32L4xx_HAL_Driver/stm32l4xx_hal_dac.o
                0x08001710                HAL_DAC_Stop_DMA
 .text.DAC_DMAConvCpltCh1
                0x08001764       0x10 Drivers/STM32L4xx_HAL_Driver/stm32l4xx_hal_dac.o
 .text.HAL_DAC_ConvHalfCpltCallbackCh1
                0x08001774        0x2 Drivers/STM32L4xx_HAL_Driver/stm32l4xx_hal_dac.o
                0x08001774                HAL_DAC_ConvHalfCpltCallbackCh1
 .text.DAC_DMAHalfConvCpltCh1
                0x08001776        0xa Drivers/STM32L4xx_HAL_Driver/stm32l4xx_hal_dac.o
 .text.DAC_DMAErrorCh1
                0x08001780       0x18 Drivers/STM32L4xx_HAL_Driver/stm32l4xx_hal_dac.o
 .text.HAL_DAC_ConfigChannel
                0x08001798      0x128 Drivers/STM32L4xx_HAL_Driver/stm32l4xx_hal_dac.o
                0x08001798                HAL_DAC_ConfigChannel
 .text.HAL_DACEx_ConvCpltCallbackCh2
                0x080018c0        0x2 Drivers/STM32L4xx_HAL_Driver/stm32l4xx_hal_dac_ex.o
                0x080018c0                HAL_DACEx_ConvCpltCallbackCh2
 .text.HAL_DACEx_ConvHalfCpltCallbackCh2
                0x080018c2        0x2 Drivers/STM32L4xx_HAL_Driver/stm32l4xx_hal_dac_ex.o
                0x080018c2                HAL_DACEx_ConvHalfCpltCallbackCh2
 .text.HAL_DACEx_ErrorCallbackCh2
                0x080018c4        0x2 Drivers/STM32L4xx_HAL_Driver/stm32l4xx_hal_dac_ex.o
                0x080018c4                HAL_DACEx_ErrorCallbackCh2
 .text.DAC_DMAConvCpltCh2
                0x080018c6       0x10 Drivers/STM32L4xx_HAL_Driver/stm32l4xx_hal_dac_ex.o
                0x080018c6                DAC_DMAConvCpltCh2
 .text.DAC_DMAHalfConvCpltCh2
                0x080018d6        0xa Drivers/STM32L4xx_HAL_Driver/stm32l4xx_hal_dac_ex.o
                0x080018d6                DAC_DMAHalfConvCpltCh2
 .text.DAC_DMAErrorCh2
                0x080018e0       0x18 Drivers/STM32L4xx_HAL_Driver/stm32l4xx_hal_dac_ex.o
                0x080018e0                DAC_DMAErrorCh2
 .text.DMA_SetConfig
                0x080018f8       0x30 Drivers/STM32L4xx_HAL_Driver/stm32l4xx_hal_dma.o
 .text.HAL_DMA_Init
                0x08001928       0xf8 Drivers/STM32L4xx_HAL_Driver/stm32l4xx_hal_dma.o
                0x08001928                HAL_DMA_Init
 .text.HAL_DMA_Start_IT
                0x08001a20       0x76 Drivers/STM32L4xx_HAL_Driver/stm32l4xx_hal_dma.o
                0x08001a20                HAL_DMA_Start_IT
 .text.HAL_DMA_Abort
                0x08001a96       0x38 Drivers/STM32L4xx_HAL_Driver/stm32l4xx_hal_dma.o
                0x08001a96                HAL_DMA_Abort
 .text.HAL_DMA_IRQHandler
                0x08001ace       0xc4 Drivers/STM32L4xx_HAL_Driver/stm32l4xx_hal_dma.o
                0x08001ace                HAL_DMA_IRQHandler
 *fill*         0x08001b92        0x2 
 .text.HAL_GPIO_Init
                0x08001b94      0x1d4 Drivers/STM32L4xx_HAL_Driver/stm32l4xx_hal_gpio.o
                0x08001b94                HAL_GPIO_Init
 .text.HAL_PWREx_GetVoltageRange
                0x08001d68       0x10 Drivers/STM32L4xx_HAL_Driver/stm32l4xx_hal_pwr_ex.o
                0x08001d68                HAL_PWREx_GetVoltageRange
 .text.HAL_PWREx_ControlVoltageScaling
                0x08001d78       0x90 Drivers/STM32L4xx_HAL_Driver/stm32l4xx_hal_pwr_ex.o
                0x08001d78                HAL_PWREx_ControlVoltageScaling
 .text.RCC_SetFlashLatencyFromMSIRange
                0x08001e08       0x90 Drivers/STM32L4xx_HAL_Driver/stm32l4xx_hal_rcc.o
 .text.HAL_RCC_GetSysClockFreq
                0x08001e98      0x100 Drivers/STM32L4xx_HAL_Driver/stm32l4xx_hal_rcc.o
                0x08001e98                HAL_RCC_GetSysClockFreq
 .text.HAL_RCC_OscConfig
                0x08001f98      0x580 Drivers/STM32L4xx_HAL_Driver/stm32l4xx_hal_rcc.o
                0x08001f98                HAL_RCC_OscConfig
 .text.HAL_RCC_ClockConfig
                0x08002518      0x150 Drivers/STM32L4xx_HAL_Driver/stm32l4xx_hal_rcc.o
                0x08002518                HAL_RCC_ClockConfig
 .text.HAL_RCC_GetHCLKFreq
                0x08002668        0xc Drivers/STM32L4xx_HAL_Driver/stm32l4xx_hal_rcc.o
                0x08002668                HAL_RCC_GetHCLKFreq
 .text.HAL_TIM_Base_Start
                0x08002674       0x34 Drivers/STM32L4xx_HAL_Driver/stm32l4xx_hal_tim.o
                0x08002674                HAL_TIM_Base_Start
 .text.TIM_Base_SetConfig
                0x080026a8       0xc8 Drivers/STM32L4xx_HAL_Driver/stm32l4xx_hal_tim.o
                0x080026a8                TIM_Base_SetConfig
 .text.HAL_TIM_Base_Init
                0x08002770       0x32 Drivers/STM32L4xx_HAL_Driver/stm32l4xx_hal_tim.o
                0x08002770                HAL_TIM_Base_Init
 *fill*         0x080027a2        0x2 
 .text.HAL_TIMEx_MasterConfigSynchronization
                0x080027a4       0x64 Drivers/STM32L4xx_HAL_Driver/stm32l4xx_hal_tim_ex.o
                0x080027a4                HAL_TIMEx_MasterConfigSynchronization
 .text.__libc_init_array
                0x08002808       0x48 c:/program files/ac6/plugins/fr.ac6.mcu.externaltools.arm-none.win32_1.16.0.201807130628/tools/compiler/bin/../lib/gcc/arm-none-eabi/7.2.1/../../../../arm-none-eabi/lib/thumb/v7e-m/fpv4-sp/hard\libc_nano.a(lib_a-init.o)
                0x08002808                __libc_init_array
 *(.glue_7)
 .glue_7        0x08002850        0x0 linker stubs
 *(.glue_7t)
 .glue_7t       0x08002850        0x0 linker stubs
 *(.eh_frame)
 .eh_frame      0x08002850        0x0 c:/program files/ac6/plugins/fr.ac6.mcu.externaltools.arm-none.win32_1.16.0.201807130628/tools/compiler/bin/../lib/gcc/arm-none-eabi/7.2.1/thumb/v7e-m/fpv4-sp/hard/crtbegin.o
 *(.init)
 .init          0x08002850        0x4 c:/program files/ac6/plugins/fr.ac6.mcu.externaltools.arm-none.win32_1.16.0.201807130628/tools/compiler/bin/../lib/gcc/arm-none-eabi/7.2.1/thumb/v7e-m/fpv4-sp/hard/crti.o
                0x08002850                _init
 .init          0x08002854        0x8 c:/program files/ac6/plugins/fr.ac6.mcu.externaltools.arm-none.win32_1.16.0.201807130628/tools/compiler/bin/../lib/gcc/arm-none-eabi/7.2.1/thumb/v7e-m/fpv4-sp/hard/crtn.o
 *(.fini)
 .fini          0x0800285c        0x4 c:/program files/ac6/plugins/fr.ac6.mcu.externaltools.arm-none.win32_1.16.0.201807130628/tools/compiler/bin/../lib/gcc/arm-none-eabi/7.2.1/thumb/v7e-m/fpv4-sp/hard/crti.o
                0x0800285c                _fini
 .fini          0x08002860        0x8 c:/program files/ac6/plugins/fr.ac6.mcu.externaltools.arm-none.win32_1.16.0.201807130628/tools/compiler/bin/../lib/gcc/arm-none-eabi/7.2.1/thumb/v7e-m/fpv4-sp/hard/crtn.o
                0x08002868                . = ALIGN (0x8)
                0x08002868                _etext = .

.vfp11_veneer   0x08002868        0x0
 .vfp11_veneer  0x08002868        0x0 linker stubs

.v4_bx          0x08002868        0x0
 .v4_bx         0x08002868        0x0 linker stubs

.iplt           0x08002868        0x0
 .iplt          0x08002868        0x0 c:/program files/ac6/plugins/fr.ac6.mcu.externaltools.arm-none.win32_1.16.0.201807130628/tools/compiler/bin/../lib/gcc/arm-none-eabi/7.2.1/thumb/v7e-m/fpv4-sp/hard/crtbegin.o

.rodata         0x08002868       0xe8
                0x08002868                . = ALIGN (0x8)
 *(.rodata)
 .rodata        0x08002868       0x48 Drivers/CMSIS/system_stm32l4xx.o
                0x08002868                MSIRangeTable
                0x08002898                AHBPrescTable
                0x080028a8                APBPrescTable
 *(.rodata*)
 .rodata.str1.4
                0x080028b0       0x47 Application/User/main.o
 *fill*         0x080028f7        0x1 
 .rodata.str1.4
                0x080028f8       0x54 Application/User/stm32l4xx_hal_msp.o
                0x08002950                . = ALIGN (0x8)
 *fill*         0x0800294c        0x4 

.rel.dyn        0x08002950        0x0
 .rel.iplt      0x08002950        0x0 c:/program files/ac6/plugins/fr.ac6.mcu.externaltools.arm-none.win32_1.16.0.201807130628/tools/compiler/bin/../lib/gcc/arm-none-eabi/7.2.1/thumb/v7e-m/fpv4-sp/hard/crtbegin.o

.ARM.extab      0x08002950        0x0
                0x08002950                . = ALIGN (0x8)
 *(.ARM.extab* .gnu.linkonce.armextab.*)
                0x08002950                . = ALIGN (0x8)

.ARM            0x08002950        0x0
                0x08002950                . = ALIGN (0x8)
                0x08002950                __exidx_start = .
 *(.ARM.exidx*)
                0x08002950                __exidx_end = .
                0x08002950                . = ALIGN (0x8)

.preinit_array  0x08002950        0x0
                0x08002950                . = ALIGN (0x8)
                0x08002950                PROVIDE (__preinit_array_start, .)
 *(.preinit_array*)
                0x08002950                PROVIDE (__preinit_array_end, .)
                0x08002950                . = ALIGN (0x8)

.init_array     0x08002950        0x8
                0x08002950                . = ALIGN (0x8)
                0x08002950                PROVIDE (__init_array_start, .)
 *(SORT_BY_NAME(.init_array.*))
 *(.init_array*)
 .init_array    0x08002950        0x4 c:/program files/ac6/plugins/fr.ac6.mcu.externaltools.arm-none.win32_1.16.0.201807130628/tools/compiler/bin/../lib/gcc/arm-none-eabi/7.2.1/thumb/v7e-m/fpv4-sp/hard/crtbegin.o
                0x08002954                PROVIDE (__init_array_end, .)
                0x08002958                . = ALIGN (0x8)
 *fill*         0x08002954        0x4 

.fini_array     0x08002958        0x8
                0x08002958                . = ALIGN (0x8)
                [!provide]                PROVIDE (__fini_array_start, .)
 *(SORT_BY_NAME(.fini_array.*))
 *(.fini_array*)
 .fini_array    0x08002958        0x4 c:/program files/ac6/plugins/fr.ac6.mcu.externaltools.arm-none.win32_1.16.0.201807130628/tools/compiler/bin/../lib/gcc/arm-none-eabi/7.2.1/thumb/v7e-m/fpv4-sp/hard/crtbegin.o
                [!provide]                PROVIDE (__fini_array_end, .)
                0x08002960                . = ALIGN (0x8)
 *fill*         0x0800295c        0x4 
                0x08002960                _sidata = LOADADDR (.data)

.data           0x20000000        0x8 load address 0x08002960
                0x20000000                . = ALIGN (0x8)
                0x20000000                _sdata = .
 *(.data)
 .data          0x20000000        0x4 Application/User/main.o
                0x20000000                ADC_flag
                0x20000002                DAC_flag
 .data          0x20000004        0x4 Drivers/CMSIS/system_stm32l4xx.o
                0x20000004                SystemCoreClock
 *(.data*)
                0x20000008                . = ALIGN (0x8)
                0x20000008                _edata = .

.igot.plt       0x20000008        0x0 load address 0x08002968
 .igot.plt      0x20000008        0x0 c:/program files/ac6/plugins/fr.ac6.mcu.externaltools.arm-none.win32_1.16.0.201807130628/tools/compiler/bin/../lib/gcc/arm-none-eabi/7.2.1/thumb/v7e-m/fpv4-sp/hard/crtbegin.o
                0x20000008                . = ALIGN (0x4)

.bss            0x20000008      0x218 load address 0x08002968
                0x20000008                _sbss = .
                0x20000008                __bss_start__ = _sbss
 *(.bss)
 .bss           0x20000008       0x1c c:/program files/ac6/plugins/fr.ac6.mcu.externaltools.arm-none.win32_1.16.0.201807130628/tools/compiler/bin/../lib/gcc/arm-none-eabi/7.2.1/thumb/v7e-m/fpv4-sp/hard/crtbegin.o
 .bss           0x20000024       0x38 Application/User/main.o
                0x20000024                adc_sample_counter
                0x20000028                adc_sample_sum
                0x2000002c                adc_sample_mean
                0x20000030                averaged_outputs
                0x20000058                averaging_counter
 .bss           0x2000005c        0x4 Application/User/stm32l4xx_hal_msp.o
 *(.bss*)
 *(COMMON)
 COMMON         0x20000060      0x1bc Application/User/main.o
                0x20000060                hdac1
                0x20000074                speaker_output
                0x20000078                hdma_dac_ch1
                0x200000c0                hadc1
                0x20000128                hadc3
                0x20000190                hdma_adc1
                0x200001d8                htim6
                0x20000218                microphone
 COMMON         0x2000021c        0x4 Drivers/STM32L4xx_HAL_Driver/stm32l4xx_hal.o
                0x2000021c                uwTick
                0x20000220                . = ALIGN (0x4)
                0x20000220                _ebss = .
                0x20000220                __bss_end__ = _ebss

._user_heap_stack
                0x20000220      0x600 load address 0x08002968
                0x20000220                . = ALIGN (0x8)
                [!provide]                PROVIDE (end, .)
                [!provide]                PROVIDE (_end, .)
                0x20000420                . = (. + _Min_Heap_Size)
 *fill*         0x20000220      0x200 
                0x20000820                . = (. + _Min_Stack_Size)
 *fill*         0x20000420      0x400 
                0x20000820                . = ALIGN (0x8)

/DISCARD/
 libc.a(*)
 libm.a(*)
 libgcc.a(*)

.ARM.attributes
                0x00000000       0x30
 *(.ARM.attributes)
 .ARM.attributes
                0x00000000       0x22 c:/program files/ac6/plugins/fr.ac6.mcu.externaltools.arm-none.win32_1.16.0.201807130628/tools/compiler/bin/../lib/gcc/arm-none-eabi/7.2.1/thumb/v7e-m/fpv4-sp/hard/crti.o
 .ARM.attributes
                0x00000022       0x34 c:/program files/ac6/plugins/fr.ac6.mcu.externaltools.arm-none.win32_1.16.0.201807130628/tools/compiler/bin/../lib/gcc/arm-none-eabi/7.2.1/thumb/v7e-m/fpv4-sp/hard/crtbegin.o
 .ARM.attributes
                0x00000056       0x21 Application/SW4STM32/startup_stm32l476xx.o
 .ARM.attributes
                0x00000077       0x39 Application/User/main.o
 .ARM.attributes
                0x000000b0       0x39 Application/User/stm32l4xx_hal_msp.o
 .ARM.attributes
                0x000000e9       0x39 Application/User/stm32l4xx_it.o
 .ARM.attributes
                0x00000122       0x39 Drivers/CMSIS/system_stm32l4xx.o
 .ARM.attributes
                0x0000015b       0x39 Drivers/STM32L4xx_HAL_Driver/stm32l4xx_hal.o
 .ARM.attributes
                0x00000194       0x39 Drivers/STM32L4xx_HAL_Driver/stm32l4xx_hal_adc.o
 .ARM.attributes
                0x000001cd       0x39 Drivers/STM32L4xx_HAL_Driver/stm32l4xx_hal_adc_ex.o
 .ARM.attributes
                0x00000206       0x39 Drivers/STM32L4xx_HAL_Driver/stm32l4xx_hal_cortex.o
 .ARM.attributes
                0x0000023f       0x39 Drivers/STM32L4xx_HAL_Driver/stm32l4xx_hal_dac.o
 .ARM.attributes
                0x00000278       0x39 Drivers/STM32L4xx_HAL_Driver/stm32l4xx_hal_dac_ex.o
 .ARM.attributes
                0x000002b1       0x39 Drivers/STM32L4xx_HAL_Driver/stm32l4xx_hal_dma.o
 .ARM.attributes
                0x000002ea       0x39 Drivers/STM32L4xx_HAL_Driver/stm32l4xx_hal_gpio.o
 .ARM.attributes
                0x00000323       0x39 Drivers/STM32L4xx_HAL_Driver/stm32l4xx_hal_pwr_ex.o
 .ARM.attributes
                0x0000035c       0x39 Drivers/STM32L4xx_HAL_Driver/stm32l4xx_hal_rcc.o
 .ARM.attributes
                0x00000395       0x39 Drivers/STM32L4xx_HAL_Driver/stm32l4xx_hal_tim.o
 .ARM.attributes
                0x000003ce       0x39 Drivers/STM32L4xx_HAL_Driver/stm32l4xx_hal_tim_ex.o
 .ARM.attributes
                0x00000407       0x34 c:/program files/ac6/plugins/fr.ac6.mcu.externaltools.arm-none.win32_1.16.0.201807130628/tools/compiler/bin/../lib/gcc/arm-none-eabi/7.2.1/../../../../arm-none-eabi/lib/thumb/v7e-m/fpv4-sp/hard\libc_nano.a(lib_a-init.o)
 .ARM.attributes
                0x0000043b       0x22 c:/program files/ac6/plugins/fr.ac6.mcu.externaltools.arm-none.win32_1.16.0.201807130628/tools/compiler/bin/../lib/gcc/arm-none-eabi/7.2.1/thumb/v7e-m/fpv4-sp/hard/crtn.o
OUTPUT(tactical_headphones.elf elf32-littlearm)

.debug_line     0x00000000     0xd878
 .debug_line    0x00000000       0xb9 Application/SW4STM32/startup_stm32l476xx.o
 .debug_line    0x000000b9      0xa3d Application/User/main.o
 .debug_line    0x00000af6      0x9a6 Application/User/stm32l4xx_hal_msp.o
 .debug_line    0x0000149c      0x98e Application/User/stm32l4xx_it.o
 .debug_line    0x00001e2a      0x91c Drivers/CMSIS/system_stm32l4xx.o
 .debug_line    0x00002746      0xb37 Drivers/STM32L4xx_HAL_Driver/stm32l4xx_hal.o
 .debug_line    0x0000327d     0x1688 Drivers/STM32L4xx_HAL_Driver/stm32l4xx_hal_adc.o
 .debug_line    0x00004905     0x12dc Drivers/STM32L4xx_HAL_Driver/stm32l4xx_hal_adc_ex.o
 .debug_line    0x00005be1      0xb17 Drivers/STM32L4xx_HAL_Driver/stm32l4xx_hal_cortex.o
 .debug_line    0x000066f8      0xb71 Drivers/STM32L4xx_HAL_Driver/stm32l4xx_hal_dac.o
 .debug_line    0x00007269      0xad6 Drivers/STM32L4xx_HAL_Driver/stm32l4xx_hal_dac_ex.o
 .debug_line    0x00007d3f      0xb5e Drivers/STM32L4xx_HAL_Driver/stm32l4xx_hal_dma.o
 .debug_line    0x0000889d      0xa5f Drivers/STM32L4xx_HAL_Driver/stm32l4xx_hal_gpio.o
 .debug_line    0x000092fc      0xd6c Drivers/STM32L4xx_HAL_Driver/stm32l4xx_hal_pwr_ex.o
 .debug_line    0x0000a068      0xc35 Drivers/STM32L4xx_HAL_Driver/stm32l4xx_hal_rcc.o
 .debug_line    0x0000ac9d     0x1bfd Drivers/STM32L4xx_HAL_Driver/stm32l4xx_hal_tim.o
 .debug_line    0x0000c89a      0xfde Drivers/STM32L4xx_HAL_Driver/stm32l4xx_hal_tim_ex.o

.debug_info     0x00000000    0x19f96
 .debug_info    0x00000000       0x22 Application/SW4STM32/startup_stm32l476xx.o
 .debug_info    0x00000022     0x23ac Application/User/main.o
 .debug_info    0x000023ce     0x1cf8 Application/User/stm32l4xx_hal_msp.o
 .debug_info    0x000040c6      0xca2 Application/User/stm32l4xx_it.o
 .debug_info    0x00004d68      0xde3 Drivers/CMSIS/system_stm32l4xx.o
 .debug_info    0x00005b4b     0x1316 Drivers/STM32L4xx_HAL_Driver/stm32l4xx_hal.o
 .debug_info    0x00006e61     0x2f3a Drivers/STM32L4xx_HAL_Driver/stm32l4xx_hal_adc.o
 .debug_info    0x00009d9b     0x25af Drivers/STM32L4xx_HAL_Driver/stm32l4xx_hal_adc_ex.o
 .debug_info    0x0000c34a     0x1784 Drivers/STM32L4xx_HAL_Driver/stm32l4xx_hal_cortex.o
 .debug_info    0x0000dace     0x1406 Drivers/STM32L4xx_HAL_Driver/stm32l4xx_hal_dac.o
 .debug_info    0x0000eed4     0x123c Drivers/STM32L4xx_HAL_Driver/stm32l4xx_hal_dac_ex.o
 .debug_info    0x00010110     0x1060 Drivers/STM32L4xx_HAL_Driver/stm32l4xx_hal_dma.o
 .debug_info    0x00011170     0x108c Drivers/STM32L4xx_HAL_Driver/stm32l4xx_hal_gpio.o
 .debug_info    0x000121fc     0x12c8 Drivers/STM32L4xx_HAL_Driver/stm32l4xx_hal_pwr_ex.o
 .debug_info    0x000134c4     0x15cb Drivers/STM32L4xx_HAL_Driver/stm32l4xx_hal_rcc.o
 .debug_info    0x00014a8f     0x37d6 Drivers/STM32L4xx_HAL_Driver/stm32l4xx_hal_tim.o
 .debug_info    0x00018265     0x1d31 Drivers/STM32L4xx_HAL_Driver/stm32l4xx_hal_tim_ex.o

.debug_abbrev   0x00000000     0x2dbb
 .debug_abbrev  0x00000000       0x12 Application/SW4STM32/startup_stm32l476xx.o
 .debug_abbrev  0x00000012      0x2f4 Application/User/main.o
 .debug_abbrev  0x00000306      0x2b1 Application/User/stm32l4xx_hal_msp.o
 .debug_abbrev  0x000005b7      0x210 Application/User/stm32l4xx_it.o
 .debug_abbrev  0x000007c7      0x228 Drivers/CMSIS/system_stm32l4xx.o
 .debug_abbrev  0x000009ef      0x2ee Drivers/STM32L4xx_HAL_Driver/stm32l4xx_hal.o
 .debug_abbrev  0x00000cdd      0x326 Drivers/STM32L4xx_HAL_Driver/stm32l4xx_hal_adc.o
 .debug_abbrev  0x00001003      0x355 Drivers/STM32L4xx_HAL_Driver/stm32l4xx_hal_adc_ex.o
 .debug_abbrev  0x00001358      0x3ba Drivers/STM32L4xx_HAL_Driver/stm32l4xx_hal_cortex.o
 .debug_abbrev  0x00001712      0x2b5 Drivers/STM32L4xx_HAL_Driver/stm32l4xx_hal_dac.o
 .debug_abbrev  0x000019c7      0x31c Drivers/STM32L4xx_HAL_Driver/stm32l4xx_hal_dac_ex.o
 .debug_abbrev  0x00001ce3      0x2dc Drivers/STM32L4xx_HAL_Driver/stm32l4xx_hal_dma.o
 .debug_abbrev  0x00001fbf      0x2a7 Drivers/STM32L4xx_HAL_Driver/stm32l4xx_hal_gpio.o
 .debug_abbrev  0x00002266      0x2d4 Drivers/STM32L4xx_HAL_Driver/stm32l4xx_hal_pwr_ex.o
 .debug_abbrev  0x0000253a      0x2ec Drivers/STM32L4xx_HAL_Driver/stm32l4xx_hal_rcc.o
 .debug_abbrev  0x00002826      0x2b5 Drivers/STM32L4xx_HAL_Driver/stm32l4xx_hal_tim.o
 .debug_abbrev  0x00002adb      0x2e0 Drivers/STM32L4xx_HAL_Driver/stm32l4xx_hal_tim_ex.o

.debug_aranges  0x00000000      0xdf0
 .debug_aranges
                0x00000000       0x28 Application/SW4STM32/startup_stm32l476xx.o
 .debug_aranges
                0x00000028       0x78 Application/User/main.o
 .debug_aranges
                0x000000a0       0x50 Application/User/stm32l4xx_hal_msp.o
 .debug_aranges
                0x000000f0       0x70 Application/User/stm32l4xx_it.o
 .debug_aranges
                0x00000160       0x28 Drivers/CMSIS/system_stm32l4xx.o
 .debug_aranges
                0x00000188      0x118 Drivers/STM32L4xx_HAL_Driver/stm32l4xx_hal.o
 .debug_aranges
                0x000002a0       0xf8 Drivers/STM32L4xx_HAL_Driver/stm32l4xx_hal_adc.o
 .debug_aranges
                0x00000398       0xf0 Drivers/STM32L4xx_HAL_Driver/stm32l4xx_hal_adc_ex.o
 .debug_aranges
                0x00000488       0xa8 Drivers/STM32L4xx_HAL_Driver/stm32l4xx_hal_cortex.o
 .debug_aranges
                0x00000530       0xc0 Drivers/STM32L4xx_HAL_Driver/stm32l4xx_hal_dac.o
 .debug_aranges
                0x000005f0       0x88 Drivers/STM32L4xx_HAL_Driver/stm32l4xx_hal_dac_ex.o
 .debug_aranges
                0x00000678       0x80 Drivers/STM32L4xx_HAL_Driver/stm32l4xx_hal_dma.o
 .debug_aranges
                0x000006f8       0x58 Drivers/STM32L4xx_HAL_Driver/stm32l4xx_hal_gpio.o
 .debug_aranges
                0x00000750      0x148 Drivers/STM32L4xx_HAL_Driver/stm32l4xx_hal_pwr_ex.o
 .debug_aranges
                0x00000898       0x88 Drivers/STM32L4xx_HAL_Driver/stm32l4xx_hal_rcc.o
 .debug_aranges
                0x00000920      0x378 Drivers/STM32L4xx_HAL_Driver/stm32l4xx_hal_tim.o
 .debug_aranges
                0x00000c98      0x158 Drivers/STM32L4xx_HAL_Driver/stm32l4xx_hal_tim_ex.o

.debug_str      0x00000000    0xff0fa
 .debug_str     0x00000000       0xc9 Application/SW4STM32/startup_stm32l476xx.o
 .debug_str     0x000000c9    0xfb0bc Application/User/main.o
                              0xfb866 (size before relaxing)
 .debug_str     0x000fb185      0x1b6 Application/User/stm32l4xx_hal_msp.o
                              0xfb3a0 (size before relaxing)
 .debug_str     0x000fb33b      0x159 Application/User/stm32l4xx_it.o
                              0xfa6e4 (size before relaxing)
 .debug_str     0x000fb494      0x101 Drivers/CMSIS/system_stm32l4xx.o
                              0xfa5e5 (size before relaxing)
 .debug_str     0x000fb595      0x5c2 Drivers/STM32L4xx_HAL_Driver/stm32l4xx_hal.o
                              0xfb10e (size before relaxing)
 .debug_str     0x000fbb57      0x8f3 Drivers/STM32L4xx_HAL_Driver/stm32l4xx_hal_adc.o
                              0xfb2ac (size before relaxing)
 .debug_str     0x000fc44a      0x54b Drivers/STM32L4xx_HAL_Driver/stm32l4xx_hal_adc_ex.o
                              0xfb13e (size before relaxing)
 .debug_str     0x000fc995      0x367 Drivers/STM32L4xx_HAL_Driver/stm32l4xx_hal_cortex.o
                              0xfae2d (size before relaxing)
 .debug_str     0x000fccfc      0x1e6 Drivers/STM32L4xx_HAL_Driver/stm32l4xx_hal_dac.o
                              0xfaadd (size before relaxing)
 .debug_str     0x000fcee2      0x200 Drivers/STM32L4xx_HAL_Driver/stm32l4xx_hal_dac_ex.o
                              0xfaa30 (size before relaxing)
 .debug_str     0x000fd0e2      0x243 Drivers/STM32L4xx_HAL_Driver/stm32l4xx_hal_dma.o
                              0xfa885 (size before relaxing)
 .debug_str     0x000fd325      0x2be Drivers/STM32L4xx_HAL_Driver/stm32l4xx_hal_gpio.o
                              0xfa8c0 (size before relaxing)
 .debug_str     0x000fd5e3      0x4b4 Drivers/STM32L4xx_HAL_Driver/stm32l4xx_hal_pwr_ex.o
                              0xfaafb (size before relaxing)
 .debug_str     0x000fda97      0x38d Drivers/STM32L4xx_HAL_Driver/stm32l4xx_hal_rcc.o
                              0xfabbf (size before relaxing)
 .debug_str     0x000fde24      0xd21 Drivers/STM32L4xx_HAL_Driver/stm32l4xx_hal_tim.o
                              0xfb635 (size before relaxing)
 .debug_str     0x000feb45      0x5b5 Drivers/STM32L4xx_HAL_Driver/stm32l4xx_hal_tim_ex.o
                              0xfb000 (size before relaxing)

.debug_ranges   0x00000000      0xd60
 .debug_ranges  0x00000000       0x20 Application/SW4STM32/startup_stm32l476xx.o
 .debug_ranges  0x00000020       0x68 Application/User/main.o
 .debug_ranges  0x00000088       0x40 Application/User/stm32l4xx_hal_msp.o
 .debug_ranges  0x000000c8       0x60 Application/User/stm32l4xx_it.o
 .debug_ranges  0x00000128       0x18 Drivers/CMSIS/system_stm32l4xx.o
 .debug_ranges  0x00000140      0x108 Drivers/STM32L4xx_HAL_Driver/stm32l4xx_hal.o
 .debug_ranges  0x00000248       0xe8 Drivers/STM32L4xx_HAL_Driver/stm32l4xx_hal_adc.o
 .debug_ranges  0x00000330       0xe0 Drivers/STM32L4xx_HAL_Driver/stm32l4xx_hal_adc_ex.o
 .debug_ranges  0x00000410       0xf8 Drivers/STM32L4xx_HAL_Driver/stm32l4xx_hal_cortex.o
 .debug_ranges  0x00000508       0xb0 Drivers/STM32L4xx_HAL_Driver/stm32l4xx_hal_dac.o
 .debug_ranges  0x000005b8       0x78 Drivers/STM32L4xx_HAL_Driver/stm32l4xx_hal_dac_ex.o
 .debug_ranges  0x00000630       0x70 Drivers/STM32L4xx_HAL_Driver/stm32l4xx_hal_dma.o
 .debug_ranges  0x000006a0       0x48 Drivers/STM32L4xx_HAL_Driver/stm32l4xx_hal_gpio.o
 .debug_ranges  0x000006e8      0x138 Drivers/STM32L4xx_HAL_Driver/stm32l4xx_hal_pwr_ex.o
 .debug_ranges  0x00000820       0x90 Drivers/STM32L4xx_HAL_Driver/stm32l4xx_hal_rcc.o
 .debug_ranges  0x000008b0      0x368 Drivers/STM32L4xx_HAL_Driver/stm32l4xx_hal_tim.o
 .debug_ranges  0x00000c18      0x148 Drivers/STM32L4xx_HAL_Driver/stm32l4xx_hal_tim_ex.o

.debug_loc      0x00000000     0xb379
 .debug_loc     0x00000000       0x5b Application/User/main.o
 .debug_loc     0x0000005b       0xcb Application/User/stm32l4xx_hal_msp.o
 .debug_loc     0x00000126      0x1b8 Drivers/CMSIS/system_stm32l4xx.o
 .debug_loc     0x000002de       0xf8 Drivers/STM32L4xx_HAL_Driver/stm32l4xx_hal.o
 .debug_loc     0x000003d6     0x1e1f Drivers/STM32L4xx_HAL_Driver/stm32l4xx_hal_adc.o
 .debug_loc     0x000021f5     0x1630 Drivers/STM32L4xx_HAL_Driver/stm32l4xx_hal_adc_ex.o
 .debug_loc     0x00003825      0x5ce Drivers/STM32L4xx_HAL_Driver/stm32l4xx_hal_cortex.o
 .debug_loc     0x00003df3      0x7d0 Drivers/STM32L4xx_HAL_Driver/stm32l4xx_hal_dac.o
 .debug_loc     0x000045c3      0x5ab Drivers/STM32L4xx_HAL_Driver/stm32l4xx_hal_dac_ex.o
 .debug_loc     0x00004b6e      0x79c Drivers/STM32L4xx_HAL_Driver/stm32l4xx_hal_dma.o
 .debug_loc     0x0000530a      0x3a5 Drivers/STM32L4xx_HAL_Driver/stm32l4xx_hal_gpio.o
 .debug_loc     0x000056af      0x8e9 Drivers/STM32L4xx_HAL_Driver/stm32l4xx_hal_pwr_ex.o
 .debug_loc     0x00005f98      0x5dd Drivers/STM32L4xx_HAL_Driver/stm32l4xx_hal_rcc.o
 .debug_loc     0x00006575     0x3733 Drivers/STM32L4xx_HAL_Driver/stm32l4xx_hal_tim.o
 .debug_loc     0x00009ca8     0x16d1 Drivers/STM32L4xx_HAL_Driver/stm32l4xx_hal_tim_ex.o

.debug_macro    0x00000000    0x2944f
 .debug_macro   0x00000000      0x363 Application/User/main.o
 .debug_macro   0x00000363      0xa60 Application/User/main.o
 .debug_macro   0x00000dc3       0x10 Application/User/main.o
 .debug_macro   0x00000dd3       0xba Application/User/main.o
 .debug_macro   0x00000e8d       0x2e Application/User/main.o
 .debug_macro   0x00000ebb       0x28 Application/User/main.o
 .debug_macro   0x00000ee3       0x22 Application/User/main.o
 .debug_macro   0x00000f05       0x87 Application/User/main.o
 .debug_macro   0x00000f8c       0x51 Application/User/main.o
 .debug_macro   0x00000fdd       0xef Application/User/main.o
 .debug_macro   0x000010cc       0x6a Application/User/main.o
 .debug_macro   0x00001136      0x1df Application/User/main.o
 .debug_macro   0x00001315       0x35 Application/User/main.o
 .debug_macro   0x0000134a       0x50 Application/User/main.o
 .debug_macro   0x0000139a      0xe66 Application/User/main.o
 .debug_macro   0x00002200    0x1a102 Application/User/main.o
 .debug_macro   0x0001c302       0x43 Application/User/main.o
 .debug_macro   0x0001c345     0x3788 Application/User/main.o
 .debug_macro   0x0001facd       0x58 Application/User/main.o
 .debug_macro   0x0001fb25       0x17 Application/User/main.o
 .debug_macro   0x0001fb3c       0x35 Application/User/main.o
 .debug_macro   0x0001fb71       0x9c Application/User/main.o
 .debug_macro   0x0001fc0d       0x16 Application/User/main.o
 .debug_macro   0x0001fc23       0x97 Application/User/main.o
 .debug_macro   0x0001fcba      0x330 Application/User/main.o
 .debug_macro   0x0001ffea       0xfd Application/User/main.o
 .debug_macro   0x000200e7       0x10 Application/User/main.o
 .debug_macro   0x000200f7       0x58 Application/User/main.o
 .debug_macro   0x0002014f       0x1f Application/User/main.o
 .debug_macro   0x0002016e       0x43 Application/User/main.o
 .debug_macro   0x000201b1       0x20 Application/User/main.o
 .debug_macro   0x000201d1      0x18e Application/User/main.o
 .debug_macro   0x0002035f       0x10 Application/User/main.o
 .debug_macro   0x0002036f       0x1c Application/User/main.o
 .debug_macro   0x0002038b       0x52 Application/User/main.o
 .debug_macro   0x000203dd       0x40 Application/User/main.o
 .debug_macro   0x0002041d       0x10 Application/User/main.o
 .debug_macro   0x0002042d       0x40 Application/User/main.o
 .debug_macro   0x0002046d       0xd7 Application/User/main.o
 .debug_macro   0x00020544       0x1c Application/User/main.o
 .debug_macro   0x00020560       0x3d Application/User/main.o
 .debug_macro   0x0002059d       0x16 Application/User/main.o
 .debug_macro   0x000205b3      0x16f Application/User/main.o
 .debug_macro   0x00020722       0x50 Application/User/main.o
 .debug_macro   0x00020772     0x155f Application/User/main.o
 .debug_macro   0x00021cd1      0x59e Application/User/main.o
 .debug_macro   0x0002226f      0x148 Application/User/main.o
 .debug_macro   0x000223b7      0x18b Application/User/main.o
 .debug_macro   0x00022542      0x26b Application/User/main.o
 .debug_macro   0x000227ad      0x23a Application/User/main.o
 .debug_macro   0x000229e7      0xf41 Application/User/main.o
 .debug_macro   0x00023928      0x64e Application/User/main.o
 .debug_macro   0x00023f76      0x367 Application/User/main.o
 .debug_macro   0x000242dd      0x153 Application/User/main.o
 .debug_macro   0x00024430       0xd9 Application/User/main.o
 .debug_macro   0x00024509      0x36e Application/User/main.o
 .debug_macro   0x00024877       0xe4 Application/User/main.o
 .debug_macro   0x0002495b      0x225 Application/User/main.o
 .debug_macro   0x00024b80       0x61 Application/User/main.o
 .debug_macro   0x00024be1       0x97 Application/User/main.o
 .debug_macro   0x00024c78      0x126 Application/User/main.o
 .debug_macro   0x00024d9e      0x3db Application/User/main.o
 .debug_macro   0x00025179      0x9f7 Application/User/main.o
 .debug_macro   0x00025b70      0x1ec Application/User/main.o
 .debug_macro   0x00025d5c      0x325 Application/User/main.o
 .debug_macro   0x00026081      0x35f Application/User/stm32l4xx_hal_msp.o
 .debug_macro   0x000263e0      0x369 Application/User/stm32l4xx_it.o
 .debug_macro   0x00026749      0x366 Drivers/CMSIS/system_stm32l4xx.o
 .debug_macro   0x00026aaf      0x3ad Drivers/STM32L4xx_HAL_Driver/stm32l4xx_hal.o
 .debug_macro   0x00026e5c      0x37c Drivers/STM32L4xx_HAL_Driver/stm32l4xx_hal_adc.o
 .debug_macro   0x000271d8      0x36b Drivers/STM32L4xx_HAL_Driver/stm32l4xx_hal_adc_ex.o
 .debug_macro   0x00027543      0x35f Drivers/STM32L4xx_HAL_Driver/stm32l4xx_hal_cortex.o
 .debug_macro   0x000278a2      0x36e Drivers/STM32L4xx_HAL_Driver/stm32l4xx_hal_dac.o
 .debug_macro   0x00027c10      0x35f Drivers/STM32L4xx_HAL_Driver/stm32l4xx_hal_dac_ex.o
 .debug_macro   0x00027f6f      0x35f Drivers/STM32L4xx_HAL_Driver/stm32l4xx_hal_dma.o
 .debug_macro   0x000282ce      0x39e Drivers/STM32L4xx_HAL_Driver/stm32l4xx_hal_gpio.o
 .debug_macro   0x0002866c      0x383 Drivers/STM32L4xx_HAL_Driver/stm32l4xx_hal_pwr_ex.o
 .debug_macro   0x000289ef      0x3a1 Drivers/STM32L4xx_HAL_Driver/stm32l4xx_hal_rcc.o
 .debug_macro   0x00028d90      0x360 Drivers/STM32L4xx_HAL_Driver/stm32l4xx_hal_tim.o
 .debug_macro   0x000290f0      0x35f Drivers/STM32L4xx_HAL_Driver/stm32l4xx_hal_tim_ex.o

.comment        0x00000000       0x7e
 .comment       0x00000000       0x7e Application/User/main.o
                                 0x7f (size before relaxing)
 .comment       0x0000007e       0x7f Application/User/stm32l4xx_hal_msp.o
 .comment       0x0000007e       0x7f Application/User/stm32l4xx_it.o
 .comment       0x0000007e       0x7f Drivers/CMSIS/system_stm32l4xx.o
 .comment       0x0000007e       0x7f Drivers/STM32L4xx_HAL_Driver/stm32l4xx_hal.o
 .comment       0x0000007e       0x7f Drivers/STM32L4xx_HAL_Driver/stm32l4xx_hal_adc.o
 .comment       0x0000007e       0x7f Drivers/STM32L4xx_HAL_Driver/stm32l4xx_hal_adc_ex.o
 .comment       0x0000007e       0x7f Drivers/STM32L4xx_HAL_Driver/stm32l4xx_hal_cortex.o
 .comment       0x0000007e       0x7f Drivers/STM32L4xx_HAL_Driver/stm32l4xx_hal_dac.o
 .comment       0x0000007e       0x7f Drivers/STM32L4xx_HAL_Driver/stm32l4xx_hal_dac_ex.o
 .comment       0x0000007e       0x7f Drivers/STM32L4xx_HAL_Driver/stm32l4xx_hal_dma.o
 .comment       0x0000007e       0x7f Drivers/STM32L4xx_HAL_Driver/stm32l4xx_hal_gpio.o
 .comment       0x0000007e       0x7f Drivers/STM32L4xx_HAL_Driver/stm32l4xx_hal_pwr_ex.o
 .comment       0x0000007e       0x7f Drivers/STM32L4xx_HAL_Driver/stm32l4xx_hal_rcc.o
 .comment       0x0000007e       0x7f Drivers/STM32L4xx_HAL_Driver/stm32l4xx_hal_tim.o
 .comment       0x0000007e       0x7f Drivers/STM32L4xx_HAL_Driver/stm32l4xx_hal_tim_ex.o

.debug_frame    0x00000000     0x2450
 .debug_frame   0x00000000      0x158 Application/User/main.o
 .debug_frame   0x00000158       0xd0 Application/User/stm32l4xx_hal_msp.o
 .debug_frame   0x00000228       0xd8 Application/User/stm32l4xx_it.o
 .debug_frame   0x00000300       0x30 Drivers/CMSIS/system_stm32l4xx.o
 .debug_frame   0x00000330      0x23c Drivers/STM32L4xx_HAL_Driver/stm32l4xx_hal.o
 .debug_frame   0x0000056c      0x2f8 Drivers/STM32L4xx_HAL_Driver/stm32l4xx_hal_adc.o
 .debug_frame   0x00000864      0x2d0 Drivers/STM32L4xx_HAL_Driver/stm32l4xx_hal_adc_ex.o
 .debug_frame   0x00000b34      0x15c Drivers/STM32L4xx_HAL_Driver/stm32l4xx_hal_cortex.o
 .debug_frame   0x00000c90      0x1f0 Drivers/STM32L4xx_HAL_Driver/stm32l4xx_hal_dac.o
 .debug_frame   0x00000e80      0x168 Drivers/STM32L4xx_HAL_Driver/stm32l4xx_hal_dac_ex.o
 .debug_frame   0x00000fe8      0x16c Drivers/STM32L4xx_HAL_Driver/stm32l4xx_hal_dma.o
 .debug_frame   0x00001154       0xd8 Drivers/STM32L4xx_HAL_Driver/stm32l4xx_hal_gpio.o
 .debug_frame   0x0000122c      0x278 Drivers/STM32L4xx_HAL_Driver/stm32l4xx_hal_pwr_ex.o
 .debug_frame   0x000014a4      0x184 Drivers/STM32L4xx_HAL_Driver/stm32l4xx_hal_rcc.o
 .debug_frame   0x00001628      0xa0c Drivers/STM32L4xx_HAL_Driver/stm32l4xx_hal_tim.o
 .debug_frame   0x00002034      0x3f0 Drivers/STM32L4xx_HAL_Driver/stm32l4xx_hal_tim_ex.o
 .debug_frame   0x00002424       0x2c c:/program files/ac6/plugins/fr.ac6.mcu.externaltools.arm-none.win32_1.16.0.201807130628/tools/compiler/bin/../lib/gcc/arm-none-eabi/7.2.1/../../../../arm-none-eabi/lib/thumb/v7e-m/fpv4-sp/hard\libc_nano.a(lib_a-init.o)
