Archive member included to satisfy reference by file (symbol)

c:/program files/ac6/plugins/fr.ac6.mcu.externaltools.arm-none.win32_1.16.0.201807130628/tools/compiler/bin/../lib/gcc/arm-none-eabi/7.2.1/thumb/v7e-m/fpv4-sp/hard\libgcc.a(_arm_addsubdf3.o)
                              Application/User/battery.o (__aeabi_dsub)
c:/program files/ac6/plugins/fr.ac6.mcu.externaltools.arm-none.win32_1.16.0.201807130628/tools/compiler/bin/../lib/gcc/arm-none-eabi/7.2.1/thumb/v7e-m/fpv4-sp/hard\libgcc.a(_arm_muldivdf3.o)
                              Application/User/battery.o (__aeabi_dmul)
c:/program files/ac6/plugins/fr.ac6.mcu.externaltools.arm-none.win32_1.16.0.201807130628/tools/compiler/bin/../lib/gcc/arm-none-eabi/7.2.1/thumb/v7e-m/fpv4-sp/hard\libgcc.a(_arm_fixunsdfsi.o)
                              Application/User/battery.o (__aeabi_d2uiz)
c:/program files/ac6/plugins/fr.ac6.mcu.externaltools.arm-none.win32_1.16.0.201807130628/tools/compiler/bin/../lib/gcc/arm-none-eabi/7.2.1/thumb/v7e-m/fpv4-sp/hard\libgcc.a(_arm_truncdfsf2.o)
                              Application/User/battery.o (__aeabi_d2f)
c:/program files/ac6/plugins/fr.ac6.mcu.externaltools.arm-none.win32_1.16.0.201807130628/tools/compiler/bin/../lib/gcc/arm-none-eabi/7.2.1/thumb/v7e-m/fpv4-sp/hard\libgcc.a(_aeabi_uldivmod.o)
                              Application/User/microphone.o (__aeabi_uldivmod)
c:/program files/ac6/plugins/fr.ac6.mcu.externaltools.arm-none.win32_1.16.0.201807130628/tools/compiler/bin/../lib/gcc/arm-none-eabi/7.2.1/thumb/v7e-m/fpv4-sp/hard\libgcc.a(_fixsfdi.o)
                              Application/User/speaker.o (__aeabi_f2lz)
c:/program files/ac6/plugins/fr.ac6.mcu.externaltools.arm-none.win32_1.16.0.201807130628/tools/compiler/bin/../lib/gcc/arm-none-eabi/7.2.1/thumb/v7e-m/fpv4-sp/hard\libgcc.a(_fixunssfdi.o)
                              c:/program files/ac6/plugins/fr.ac6.mcu.externaltools.arm-none.win32_1.16.0.201807130628/tools/compiler/bin/../lib/gcc/arm-none-eabi/7.2.1/thumb/v7e-m/fpv4-sp/hard\libgcc.a(_fixsfdi.o) (__aeabi_f2ulz)
c:/program files/ac6/plugins/fr.ac6.mcu.externaltools.arm-none.win32_1.16.0.201807130628/tools/compiler/bin/../lib/gcc/arm-none-eabi/7.2.1/thumb/v7e-m/fpv4-sp/hard\libgcc.a(_udivmoddi4.o)
                              c:/program files/ac6/plugins/fr.ac6.mcu.externaltools.arm-none.win32_1.16.0.201807130628/tools/compiler/bin/../lib/gcc/arm-none-eabi/7.2.1/thumb/v7e-m/fpv4-sp/hard\libgcc.a(_aeabi_uldivmod.o) (__udivmoddi4)
c:/program files/ac6/plugins/fr.ac6.mcu.externaltools.arm-none.win32_1.16.0.201807130628/tools/compiler/bin/../lib/gcc/arm-none-eabi/7.2.1/thumb/v7e-m/fpv4-sp/hard\libgcc.a(_dvmd_tls.o)
                              c:/program files/ac6/plugins/fr.ac6.mcu.externaltools.arm-none.win32_1.16.0.201807130628/tools/compiler/bin/../lib/gcc/arm-none-eabi/7.2.1/thumb/v7e-m/fpv4-sp/hard\libgcc.a(_aeabi_uldivmod.o) (__aeabi_ldiv0)
c:/program files/ac6/plugins/fr.ac6.mcu.externaltools.arm-none.win32_1.16.0.201807130628/tools/compiler/bin/../lib/gcc/arm-none-eabi/7.2.1/../../../../arm-none-eabi/lib/thumb/v7e-m/fpv4-sp/hard\libc_nano.a(lib_a-exit.o)
                              c:/program files/ac6/plugins/fr.ac6.mcu.externaltools.arm-none.win32_1.16.0.201807130628/tools/compiler/bin/../lib/gcc/arm-none-eabi/7.2.1/../../../../arm-none-eabi/lib/thumb/v7e-m/fpv4-sp/hard/crt0.o (exit)
c:/program files/ac6/plugins/fr.ac6.mcu.externaltools.arm-none.win32_1.16.0.201807130628/tools/compiler/bin/../lib/gcc/arm-none-eabi/7.2.1/../../../../arm-none-eabi/lib/thumb/v7e-m/fpv4-sp/hard\libc_nano.a(lib_a-impure.o)
                              c:/program files/ac6/plugins/fr.ac6.mcu.externaltools.arm-none.win32_1.16.0.201807130628/tools/compiler/bin/../lib/gcc/arm-none-eabi/7.2.1/../../../../arm-none-eabi/lib/thumb/v7e-m/fpv4-sp/hard\libc_nano.a(lib_a-exit.o) (_global_impure_ptr)
c:/program files/ac6/plugins/fr.ac6.mcu.externaltools.arm-none.win32_1.16.0.201807130628/tools/compiler/bin/../lib/gcc/arm-none-eabi/7.2.1/../../../../arm-none-eabi/lib/thumb/v7e-m/fpv4-sp/hard\libc_nano.a(lib_a-init.o)
                              c:/program files/ac6/plugins/fr.ac6.mcu.externaltools.arm-none.win32_1.16.0.201807130628/tools/compiler/bin/../lib/gcc/arm-none-eabi/7.2.1/../../../../arm-none-eabi/lib/thumb/v7e-m/fpv4-sp/hard/crt0.o (__libc_init_array)
c:/program files/ac6/plugins/fr.ac6.mcu.externaltools.arm-none.win32_1.16.0.201807130628/tools/compiler/bin/../lib/gcc/arm-none-eabi/7.2.1/../../../../arm-none-eabi/lib/thumb/v7e-m/fpv4-sp/hard\libc_nano.a(lib_a-memset.o)
                              c:/program files/ac6/plugins/fr.ac6.mcu.externaltools.arm-none.win32_1.16.0.201807130628/tools/compiler/bin/../lib/gcc/arm-none-eabi/7.2.1/../../../../arm-none-eabi/lib/thumb/v7e-m/fpv4-sp/hard/crt0.o (memset)
[...]
Memory Configuration

Name             Origin             Length             Attributes
RAM              0x20000000         0x00018000         xrw
RAM2             0x10000000         0x00008000         xrw
FLASH            0x08000000         0x00100000         xr
*default*        0x00000000         0xffffffff

Linker script and memory map

LOAD c:/program files/ac6/plugins/fr.ac6.mcu.externaltools.arm-none.win32_1.16.0.201807130628/tools/compiler/bin/../lib/gcc/arm-none-eabi/7.2.1/thumb/v7e-m/fpv4-sp/hard/crti.o
LOAD c:/program files/ac6/plugins/fr.ac6.mcu.externaltools.arm-none.win32_1.16.0.201807130628/tools/compiler/bin/../lib/gcc/arm-none-eabi/7.2.1/thumb/v7e-m/fpv4-sp/hard/crtbegin.o
LOAD c:/program files/ac6/plugins/fr.ac6.mcu.externaltools.arm-none.win32_1.16.0.201807130628/tools/compiler/bin/../lib/gcc/arm-none-eabi/7.2.1/../../../../arm-none-eabi/lib/thumb/v7e-m/fpv4-sp/hard/crt0.o
LOAD Application/SW4STM32/startup_stm32l476xx.o
LOAD Application/User/battery.o
LOAD Application/User/main.o
LOAD Application/User/microphone.o
LOAD Application/User/speaker.o
LOAD Application/User/stm32l4xx_hal_msp.o
LOAD Application/User/stm32l4xx_it.o
LOAD Application/User/system.o
LOAD Drivers/CMSIS/system_stm32l4xx.o
LOAD Drivers/STM32L4xx_HAL_Driver/stm32l4xx_hal.o
LOAD Drivers/STM32L4xx_HAL_Driver/stm32l4xx_hal_adc.o
LOAD Drivers/STM32L4xx_HAL_Driver/stm32l4xx_hal_adc_ex.o
LOAD Drivers/STM32L4xx_HAL_Driver/stm32l4xx_hal_cortex.o
LOAD Drivers/STM32L4xx_HAL_Driver/stm32l4xx_hal_dac.o
LOAD Drivers/STM32L4xx_HAL_Driver/stm32l4xx_hal_dac_ex.o
LOAD Drivers/STM32L4xx_HAL_Driver/stm32l4xx_hal_dma.o
LOAD Drivers/STM32L4xx_HAL_Driver/stm32l4xx_hal_dma_ex.o
LOAD Drivers/STM32L4xx_HAL_Driver/stm32l4xx_hal_flash.o
LOAD Drivers/STM32L4xx_HAL_Driver/stm32l4xx_hal_flash_ex.o
LOAD Drivers/STM32L4xx_HAL_Driver/stm32l4xx_hal_flash_ramfunc.o
LOAD Drivers/STM32L4xx_HAL_Driver/stm32l4xx_hal_gpio.o
LOAD Drivers/STM32L4xx_HAL_Driver/stm32l4xx_hal_i2c.o
LOAD Drivers/STM32L4xx_HAL_Driver/stm32l4xx_hal_i2c_ex.o
LOAD Drivers/STM32L4xx_HAL_Driver/stm32l4xx_hal_pwr.o
LOAD Drivers/STM32L4xx_HAL_Driver/stm32l4xx_hal_pwr_ex.o
LOAD Drivers/STM32L4xx_HAL_Driver/stm32l4xx_hal_rcc.o
LOAD Drivers/STM32L4xx_HAL_Driver/stm32l4xx_hal_rcc_ex.o
LOAD Drivers/STM32L4xx_HAL_Driver/stm32l4xx_hal_sai.o
LOAD Drivers/STM32L4xx_HAL_Driver/stm32l4xx_hal_sai_ex.o
LOAD Drivers/STM32L4xx_HAL_Driver/stm32l4xx_hal_tim.o
LOAD Drivers/STM32L4xx_HAL_Driver/stm32l4xx_hal_tim_ex.o
LOAD c:/program files/ac6/plugins/fr.ac6.mcu.externaltools.arm-none.win32_1.16.0.201807130628/tools/compiler/bin/../lib/gcc/arm-none-eabi/7.2.1/../../../../arm-none-eabi/lib/thumb/v7e-m/fpv4-sp/hard\libm.a
START GROUP
LOAD c:/program files/ac6/plugins/fr.ac6.mcu.externaltools.arm-none.win32_1.16.0.201807130628/tools/compiler/bin/../lib/gcc/arm-none-eabi/7.2.1/thumb/v7e-m/fpv4-sp/hard\libgcc.a
LOAD c:/program files/ac6/plugins/fr.ac6.mcu.externaltools.arm-none.win32_1.16.0.201807130628/tools/compiler/bin/../lib/gcc/arm-none-eabi/7.2.1/../../../../arm-none-eabi/lib/thumb/v7e-m/fpv4-sp/hard\libc_nano.a
END GROUP
START GROUP
LOAD c:/program files/ac6/plugins/fr.ac6.mcu.externaltools.arm-none.win32_1.16.0.201807130628/tools/compiler/bin/../lib/gcc/arm-none-eabi/7.2.1/thumb/v7e-m/fpv4-sp/hard\libgcc.a
LOAD c:/program files/ac6/plugins/fr.ac6.mcu.externaltools.arm-none.win32_1.16.0.201807130628/tools/compiler/bin/../lib/gcc/arm-none-eabi/7.2.1/../../../../arm-none-eabi/lib/thumb/v7e-m/fpv4-sp/hard\libc_nano.a
LOAD c:/program files/ac6/plugins/fr.ac6.mcu.externaltools.arm-none.win32_1.16.0.201807130628/tools/compiler/bin/../lib/gcc/arm-none-eabi/7.2.1/../../../../arm-none-eabi/lib/thumb/v7e-m/fpv4-sp/hard\libnosys.a
END GROUP
START GROUP
LOAD c:/program files/ac6/plugins/fr.ac6.mcu.externaltools.arm-none.win32_1.16.0.201807130628/tools/compiler/bin/../lib/gcc/arm-none-eabi/7.2.1/thumb/v7e-m/fpv4-sp/hard\libgcc.a
LOAD c:/program files/ac6/plugins/fr.ac6.mcu.externaltools.arm-none.win32_1.16.0.201807130628/tools/compiler/bin/../lib/gcc/arm-none-eabi/7.2.1/../../../../arm-none-eabi/lib/thumb/v7e-m/fpv4-sp/hard\libc_nano.a
LOAD c:/program files/ac6/plugins/fr.ac6.mcu.externaltools.arm-none.win32_1.16.0.201807130628/tools/compiler/bin/../lib/gcc/arm-none-eabi/7.2.1/../../../../arm-none-eabi/lib/thumb/v7e-m/fpv4-sp/hard\libnosys.a
END GROUP
LOAD c:/program files/ac6/plugins/fr.ac6.mcu.externaltools.arm-none.win32_1.16.0.201807130628/tools/compiler/bin/../lib/gcc/arm-none-eabi/7.2.1/thumb/v7e-m/fpv4-sp/hard/crtend.o
LOAD c:/program files/ac6/plugins/fr.ac6.mcu.externaltools.arm-none.win32_1.16.0.201807130628/tools/compiler/bin/../lib/gcc/arm-none-eabi/7.2.1/thumb/v7e-m/fpv4-sp/hard/crtn.o
                0x20018000                _estack = 0x20018000
                0x00000200                _Min_Heap_Size = 0x200
                0x00000400                _Min_Stack_Size = 0x400

.isr_vector     0x08000000      0x188
                0x08000000                . = ALIGN (0x8)
 *(.isr_vector)
 .isr_vector    0x08000000      0x188 Application/SW4STM32/startup_stm32l476xx.o
                0x08000000                g_pfnVectors
                0x08000188                . = ALIGN (0x8)

.text           0x08000188     0x5190
                0x08000188                . = ALIGN (0x8)
 *(.text)
 .text          0x08000188       0x40 c:/program files/ac6/plugins/fr.ac6.mcu.externaltools.arm-none.win32_1.16.0.201807130628/tools/compiler/bin/../lib/gcc/arm-none-eabi/7.2.1/thumb/v7e-m/fpv4-sp/hard/crtbegin.o
 .text          0x080001c8      0x378 c:/program files/ac6/plugins/fr.ac6.mcu.externaltools.arm-none.win32_1.16.0.201807130628/tools/compiler/bin/../lib/gcc/arm-none-eabi/7.2.1/thumb/v7e-m/fpv4-sp/hard\libgcc.a(_arm_addsubdf3.o)
                0x080001c8                __aeabi_drsub
                0x080001d0                __aeabi_dsub
                0x080001d0                __subdf3
                0x080001d4                __aeabi_dadd
                0x080001d4                __adddf3
                0x0800044c                __floatunsidf
                0x0800044c                __aeabi_ui2d
                0x0800046c                __floatsidf
                0x0800046c                __aeabi_i2d
                0x08000490                __aeabi_f2d
                0x08000490                __extendsfdf2
                0x080004d4                __floatundidf
                0x080004d4                __aeabi_ul2d
                0x080004e4                __floatdidf
                0x080004e4                __aeabi_l2d
 .text          0x08000540      0x424 c:/program files/ac6/plugins/fr.ac6.mcu.externaltools.arm-none.win32_1.16.0.201807130628/tools/compiler/bin/../lib/gcc/arm-none-eabi/7.2.1/thumb/v7e-m/fpv4-sp/hard\libgcc.a(_arm_muldivdf3.o)
                0x08000540                __aeabi_dmul
                0x08000540                __muldf3
                0x08000794                __divdf3
                0x08000794                __aeabi_ddiv
 .text          0x08000964       0x40 c:/program files/ac6/plugins/fr.ac6.mcu.externaltools.arm-none.win32_1.16.0.201807130628/tools/compiler/bin/../lib/gcc/arm-none-eabi/7.2.1/thumb/v7e-m/fpv4-sp/hard\libgcc.a(_arm_fixunsdfsi.o)
                0x08000964                __aeabi_d2uiz
                0x08000964                __fixunsdfsi
 .text          0x080009a4       0xa0 c:/program files/ac6/plugins/fr.ac6.mcu.externaltools.arm-none.win32_1.16.0.201807130628/tools/compiler/bin/../lib/gcc/arm-none-eabi/7.2.1/thumb/v7e-m/fpv4-sp/hard\libgcc.a(_arm_truncdfsf2.o)
                0x080009a4                __truncdfsf2
                0x080009a4                __aeabi_d2f
 .text          0x08000a44       0x30 c:/program files/ac6/plugins/fr.ac6.mcu.externaltools.arm-none.win32_1.16.0.201807130628/tools/compiler/bin/../lib/gcc/arm-none-eabi/7.2.1/thumb/v7e-m/fpv4-sp/hard\libgcc.a(_aeabi_uldivmod.o)
                0x08000a44                __aeabi_uldivmod
 .text          0x08000a74       0x24 c:/program files/ac6/plugins/fr.ac6.mcu.externaltools.arm-none.win32_1.16.0.201807130628/tools/compiler/bin/../lib/gcc/arm-none-eabi/7.2.1/thumb/v7e-m/fpv4-sp/hard\libgcc.a(_fixsfdi.o)
                0x08000a74                __fixsfdi
                0x08000a74                __aeabi_f2lz
 .text          0x08000a98       0x48 c:/program files/ac6/plugins/fr.ac6.mcu.externaltools.arm-none.win32_1.16.0.201807130628/tools/compiler/bin/../lib/gcc/arm-none-eabi/7.2.1/thumb/v7e-m/fpv4-sp/hard\libgcc.a(_fixunssfdi.o)
                0x08000a98                __fixunssfdi
                0x08000a98                __aeabi_f2ulz
 .text          0x08000ae0      0x2cc c:/program files/ac6/plugins/fr.ac6.mcu.externaltools.arm-none.win32_1.16.0.201807130628/tools/compiler/bin/../lib/gcc/arm-none-eabi/7.2.1/thumb/v7e-m/fpv4-sp/hard\libgcc.a(_udivmoddi4.o)
                0x08000ae0                __udivmoddi4
 .text          0x08000dac        0x4 c:/program files/ac6/plugins/fr.ac6.mcu.externaltools.arm-none.win32_1.16.0.201807130628/tools/compiler/bin/../lib/gcc/arm-none-eabi/7.2.1/thumb/v7e-m/fpv4-sp/hard\libgcc.a(_dvmd_tls.o)
                0x08000dac                __aeabi_idiv0
                0x08000dac                __aeabi_ldiv0
 *(.text*)
 .text.Reset_Handler
                0x08000db0       0x50 Application/SW4STM32/startup_stm32l476xx.o
                0x08000db0                Reset_Handler
 .text.Default_Handler
                0x08000e00        0x2 Application/SW4STM32/startup_stm32l476xx.o
                0x08000e00                RTC_Alarm_IRQHandler
                0x08000e00                EXTI2_IRQHandler
                0x08000e00                TIM8_TRG_COM_IRQHandler
                0x08000e00                TIM8_CC_IRQHandler
                0x08000e00                TIM1_CC_IRQHandler
                0x08000e00                TSC_IRQHandler
                0x08000e00                TAMP_STAMP_IRQHandler
                0x08000e00                EXTI3_IRQHandler
                0x08000e00                LPTIM2_IRQHandler
                0x08000e00                DFSDM1_FLT1_IRQHandler
                0x08000e00                I2C3_ER_IRQHandler
                0x08000e00                DFSDM1_FLT2_IRQHandler
                0x08000e00                EXTI0_IRQHandler
                0x08000e00                I2C2_EV_IRQHandler
                0x08000e00                CAN1_RX0_IRQHandler
                0x08000e00                FPU_IRQHandler
                0x08000e00                TIM1_UP_TIM16_IRQHandler
                0x08000e00                ADC1_2_IRQHandler
                0x08000e00                SPI1_IRQHandler
                0x08000e00                TIM6_DAC_IRQHandler
                0x08000e00                TIM8_UP_IRQHandler
                0x08000e00                DMA2_Channel2_IRQHandler
                0x08000e00                DMA1_Channel4_IRQHandler
                0x08000e00                SAI2_IRQHandler
                0x08000e00                DFSDM1_FLT3_IRQHandler
                0x08000e00                USART3_IRQHandler
                0x08000e00                DMA1_Channel7_IRQHandler
                0x08000e00                CAN1_RX1_IRQHandler
                0x08000e00                LCD_IRQHandler
                0x08000e00                UART5_IRQHandler
                0x08000e00                TIM4_IRQHandler
                0x08000e00                DMA2_Channel1_IRQHandler
                0x08000e00                QUADSPI_IRQHandler
                0x08000e00                I2C1_EV_IRQHandler
                0x08000e00                DMA1_Channel6_IRQHandler
                0x08000e00                UART4_IRQHandler
                0x08000e00                DMA2_Channel4_IRQHandler
                0x08000e00                RCC_IRQHandler
                0x08000e00                DMA1_Channel1_IRQHandler
                0x08000e00                Default_Handler
                0x08000e00                DMA2_Channel7_IRQHandler
                0x08000e00                EXTI15_10_IRQHandler
                0x08000e00                TIM7_IRQHandler
                0x08000e00                SDMMC1_IRQHandler
                0x08000e00                TIM5_IRQHandler
                0x08000e00                I2C3_EV_IRQHandler
                0x08000e00                EXTI9_5_IRQHandler
                0x08000e00                RTC_WKUP_IRQHandler
                0x08000e00                PVD_PVM_IRQHandler
                0x08000e00                SPI2_IRQHandler
                0x08000e00                CAN1_TX_IRQHandler
                0x08000e00                DMA2_Channel5_IRQHandler
                0x08000e00                DMA1_Channel5_IRQHandler
                0x08000e00                EXTI4_IRQHandler
                0x08000e00                RNG_IRQHandler
                0x08000e00                TIM1_TRG_COM_TIM17_IRQHandler
                0x08000e00                COMP_IRQHandler
                0x08000e00                WWDG_IRQHandler
                0x08000e00                LPUART1_IRQHandler
                0x08000e00                DMA2_Channel6_IRQHandler
                0x08000e00                TIM2_IRQHandler
                0x08000e00                EXTI1_IRQHandler
                0x08000e00                USART2_IRQHandler
                0x08000e00                DFSDM1_FLT0_IRQHandler
                0x08000e00                I2C2_ER_IRQHandler
                0x08000e00                DMA1_Channel2_IRQHandler
                0x08000e00                TIM8_BRK_IRQHandler
                0x08000e00                CAN1_SCE_IRQHandler
                0x08000e00                FLASH_IRQHandler
                0x08000e00                USART1_IRQHandler
                0x08000e00                OTG_FS_IRQHandler
                0x08000e00                SPI3_IRQHandler
                0x08000e00                I2C1_ER_IRQHandler
                0x08000e00                FMC_IRQHandler
                0x08000e00                SWPMI1_IRQHandler
                0x08000e00                LPTIM1_IRQHandler
                0x08000e00                SAI1_IRQHandler
                0x08000e00                TIM1_BRK_TIM15_IRQHandler
 .text.BAT_GetLevelRaw
                0x08000e02        0xa Application/User/battery.o
                0x08000e02                BAT_GetLevelRaw
 *fill*         0x08000e0c        0x4 
 .text.BAT_GetLevelVolt
                0x08000e10       0x38 Application/User/battery.o
                0x08000e10                BAT_GetLevelVolt
 .text.MX_GPIO_Init
                0x08000e48       0x6c Application/User/main.o
 .text.MX_DMA_Init
                0x08000eb4       0x54 Application/User/main.o
 .text.HAL_ADC_ConvCpltCallback
                0x08000f08       0xa8 Application/User/main.o
                0x08000f08                HAL_ADC_ConvCpltCallback
 .text.HAL_DAC_ConvCpltCallbackCh1
                0x08000fb0       0x2c Application/User/main.o
                0x08000fb0                HAL_DAC_ConvCpltCallbackCh1
 .text.HAL_TIM_PeriodElapsedCallback
                0x08000fdc       0x2c Application/User/main.o
                0x08000fdc                HAL_TIM_PeriodElapsedCallback
 .text._Error_Handler
                0x08001008        0x2 Application/User/main.o
                0x08001008                _Error_Handler
 *fill*         0x0800100a        0x2 
 .text.MX_TIM6_Init
                0x0800100c       0x58 Application/User/main.o
 .text.MX_ADC1_Init
                0x08001064       0xa8 Application/User/main.o
 .text.MX_DAC1_Init
                0x0800110c       0x6c Application/User/main.o
 .text.MX_ADC3_Init
                0x08001178       0x84 Application/User/main.o
 .text.MX_SAI1_Init
                0x080011fc       0x64 Application/User/main.o
 .text.MX_ADC2_Init
                0x08001260       0x84 Application/User/main.o
 .text.MX_TIM3_Init
                0x080012e4       0x74 Application/User/main.o
 .text.SystemClock_Config
                0x08001358       0xe0 Application/User/main.o
                0x08001358                SystemClock_Config
 .text.main     0x08001438       0x60 Application/User/main.o
                0x08001438                main
 .text.MIC_AddToAverage
                0x08001498       0x48 Application/User/microphone.o
                0x08001498                MIC_AddToAverage
 .text.MIC_GetAverage
                0x080014e0       0x1c Application/User/microphone.o
                0x080014e0                MIC_GetAverage
 .text.MIC_AddToMeanLevel
                0x080014fc       0x48 Application/User/microphone.o
                0x080014fc                MIC_AddToMeanLevel
 .text.MIC_GetMeanLevel
                0x08001544        0xc Application/User/microphone.o
                0x08001544                MIC_GetMeanLevel
 .text.SPKR_CalculateOutput
                0x08001550       0x40 Application/User/speaker.o
                0x08001550                SPKR_CalculateOutput
 .text.HAL_MspInit
                0x08001590       0x90 Application/User/stm32l4xx_hal_msp.o
                0x08001590                HAL_MspInit
 .text.HAL_ADC_MspInit
                0x08001620      0x138 Application/User/stm32l4xx_hal_msp.o
                0x08001620                HAL_ADC_MspInit
 .text.HAL_DAC_MspInit
                0x08001758       0x90 Application/User/stm32l4xx_hal_msp.o
                0x08001758                HAL_DAC_MspInit
 .text.HAL_TIM_Base_MspInit
                0x080017e8       0x60 Application/User/stm32l4xx_hal_msp.o
                0x080017e8                HAL_TIM_Base_MspInit
 .text.HAL_SAI_MspInit
                0x08001848       0x78 Application/User/stm32l4xx_hal_msp.o
                0x08001848                HAL_SAI_MspInit
 .text.NMI_Handler
                0x080018c0        0x2 Application/User/stm32l4xx_it.o
                0x080018c0                NMI_Handler
 .text.HardFault_Handler
                0x080018c2        0x2 Application/User/stm32l4xx_it.o
                0x080018c2                HardFault_Handler
 .text.MemManage_Handler
                0x080018c4        0x2 Application/User/stm32l4xx_it.o
                0x080018c4                MemManage_Handler
 .text.BusFault_Handler
                0x080018c6        0x2 Application/User/stm32l4xx_it.o
                0x080018c6                BusFault_Handler
 .text.UsageFault_Handler
                0x080018c8        0x2 Application/User/stm32l4xx_it.o
                0x080018c8                UsageFault_Handler
 .text.SVC_Handler
                0x080018ca        0x2 Application/User/stm32l4xx_it.o
                0x080018ca                SVC_Handler
 .text.DebugMon_Handler
                0x080018cc        0x2 Application/User/stm32l4xx_it.o
                0x080018cc                DebugMon_Handler
 .text.PendSV_Handler
                0x080018ce        0x2 Application/User/stm32l4xx_it.o
                0x080018ce                PendSV_Handler
 .text.SysTick_Handler
                0x080018d0        0xc Application/User/stm32l4xx_it.o
                0x080018d0                SysTick_Handler
 .text.DMA1_Channel3_IRQHandler
                0x080018dc       0x10 Application/User/stm32l4xx_it.o
                0x080018dc                DMA1_Channel3_IRQHandler
 .text.TIM3_IRQHandler
                0x080018ec       0x10 Application/User/stm32l4xx_it.o
                0x080018ec                TIM3_IRQHandler
 .text.ADC3_IRQHandler
                0x080018fc       0x10 Application/User/stm32l4xx_it.o
                0x080018fc                ADC3_IRQHandler
 .text.DMA2_Channel3_IRQHandler
                0x0800190c       0x10 Application/User/stm32l4xx_it.o
                0x0800190c                DMA2_Channel3_IRQHandler
 .text.SYS_GetButtonAction
                0x0800191c       0x38 Application/User/system.o
                0x0800191c                SYS_GetButtonAction
 .text.SYS_GetButtonsGPIO
                0x08001954       0x30 Application/User/system.o
                0x08001954                SYS_GetButtonsGPIO
 *fill*         0x08001984        0x4 
 .text.SYS_HandleButtons
                0x08001988       0x8c Application/User/system.o
                0x08001988                SYS_HandleButtons
 .text.SystemInit
                0x08001a14       0x48 Drivers/CMSIS/system_stm32l4xx.o
                0x08001a14                SystemInit
 .text.HAL_InitTick
                0x08001a5c       0x2c Drivers/STM32L4xx_HAL_Driver/stm32l4xx_hal.o
                0x08001a5c                HAL_InitTick
 .text.HAL_Init
                0x08001a88       0x16 Drivers/STM32L4xx_HAL_Driver/stm32l4xx_hal.o
                0x08001a88                HAL_Init
 *fill*         0x08001a9e        0x2 
 .text.HAL_IncTick
                0x08001aa0       0x10 Drivers/STM32L4xx_HAL_Driver/stm32l4xx_hal.o
                0x08001aa0                HAL_IncTick
 .text.HAL_GetTick
                0x08001ab0        0xc Drivers/STM32L4xx_HAL_Driver/stm32l4xx_hal.o
                0x08001ab0                HAL_GetTick
 .text.HAL_Delay
                0x08001abc       0x1e Drivers/STM32L4xx_HAL_Driver/stm32l4xx_hal.o
                0x08001abc                HAL_Delay
 *fill*         0x08001ada        0x2 
 .text.HAL_ADC_Init
                0x08001adc      0x2a4 Drivers/STM32L4xx_HAL_Driver/stm32l4xx_hal_adc.o
                0x08001adc                HAL_ADC_Init
 .text.HAL_ADC_GetValue
                0x08001d80        0x6 Drivers/STM32L4xx_HAL_Driver/stm32l4xx_hal_adc.o
                0x08001d80                HAL_ADC_GetValue
 .text.HAL_ADC_ConvHalfCpltCallback
                0x08001d86        0x2 Drivers/STM32L4xx_HAL_Driver/stm32l4xx_hal_adc.o
                0x08001d86                HAL_ADC_ConvHalfCpltCallback
 .text.ADC_DMAHalfConvCplt
                0x08001d88        0xa Drivers/STM32L4xx_HAL_Driver/stm32l4xx_hal_adc.o
                0x08001d88                ADC_DMAHalfConvCplt
 .text.HAL_ADC_LevelOutOfWindowCallback
                0x08001d92        0x2 Drivers/STM32L4xx_HAL_Driver/stm32l4xx_hal_adc.o
                0x08001d92                HAL_ADC_LevelOutOfWindowCallback
 .text.HAL_ADC_ErrorCallback
                0x08001d94        0x2 Drivers/STM32L4xx_HAL_Driver/stm32l4xx_hal_adc.o
                0x08001d94                HAL_ADC_ErrorCallback
 *fill*         0x08001d96        0x2 
 .text.HAL_ADC_IRQHandler
                0x08001d98      0x2d4 Drivers/STM32L4xx_HAL_Driver/stm32l4xx_hal_adc.o
                0x08001d98                HAL_ADC_IRQHandler
 .text.ADC_DMAConvCplt
                0x0800206c       0x88 Drivers/STM32L4xx_HAL_Driver/stm32l4xx_hal_adc.o
                0x0800206c                ADC_DMAConvCplt
 .text.ADC_DMAError
                0x080020f4       0x1a Drivers/STM32L4xx_HAL_Driver/stm32l4xx_hal_adc.o
                0x080020f4                ADC_DMAError
 *fill*         0x0800210e        0x2 
 .text.HAL_ADC_ConfigChannel
                0x08002110      0x49c Drivers/STM32L4xx_HAL_Driver/stm32l4xx_hal_adc.o
                0x08002110                HAL_ADC_ConfigChannel
 .text.ADC_Enable
                0x080025ac       0xcc Drivers/STM32L4xx_HAL_Driver/stm32l4xx_hal_adc.o
                0x080025ac                ADC_Enable
 .text.HAL_ADC_Start_IT
                0x08002678      0x1a4 Drivers/STM32L4xx_HAL_Driver/stm32l4xx_hal_adc.o
                0x08002678                HAL_ADC_Start_IT
 .text.HAL_ADC_Start_DMA
                0x0800281c      0x128 Drivers/STM32L4xx_HAL_Driver/stm32l4xx_hal_adc.o
                0x0800281c                HAL_ADC_Start_DMA
 .text.HAL_ADCEx_InjectedConvCpltCallback
                0x08002944        0x2 Drivers/STM32L4xx_HAL_Driver/stm32l4xx_hal_adc_ex.o
                0x08002944                HAL_ADCEx_InjectedConvCpltCallback
 .text.HAL_ADCEx_InjectedQueueOverflowCallback
                0x08002946        0x2 Drivers/STM32L4xx_HAL_Driver/stm32l4xx_hal_adc_ex.o
                0x08002946                HAL_ADCEx_InjectedQueueOverflowCallback
 .text.HAL_ADCEx_LevelOutOfWindow2Callback
                0x08002948        0x2 Drivers/STM32L4xx_HAL_Driver/stm32l4xx_hal_adc_ex.o
                0x08002948                HAL_ADCEx_LevelOutOfWindow2Callback
 .text.HAL_ADCEx_LevelOutOfWindow3Callback
                0x0800294a        0x2 Drivers/STM32L4xx_HAL_Driver/stm32l4xx_hal_adc_ex.o
                0x0800294a                HAL_ADCEx_LevelOutOfWindow3Callback
 .text.HAL_ADCEx_EndOfSamplingCallback
                0x0800294c        0x2 Drivers/STM32L4xx_HAL_Driver/stm32l4xx_hal_adc_ex.o
                0x0800294c                HAL_ADCEx_EndOfSamplingCallback
 *fill*         0x0800294e        0x2 
 .text.HAL_ADCEx_MultiModeConfigChannel
                0x08002950      0x120 Drivers/STM32L4xx_HAL_Driver/stm32l4xx_hal_adc_ex.o
                0x08002950                HAL_ADCEx_MultiModeConfigChannel
 .text.HAL_NVIC_SetPriorityGrouping
                0x08002a70       0x24 Drivers/STM32L4xx_HAL_Driver/stm32l4xx_hal_cortex.o
                0x08002a70                HAL_NVIC_SetPriorityGrouping
 .text.HAL_NVIC_SetPriority
                0x08002a94       0x68 Drivers/STM32L4xx_HAL_Driver/stm32l4xx_hal_cortex.o
                0x08002a94                HAL_NVIC_SetPriority
 .text.HAL_NVIC_EnableIRQ
                0x08002afc       0x18 Drivers/STM32L4xx_HAL_Driver/stm32l4xx_hal_cortex.o
                0x08002afc                HAL_NVIC_EnableIRQ
 .text.HAL_SYSTICK_Config
                0x08002b14       0x2c Drivers/STM32L4xx_HAL_Driver/stm32l4xx_hal_cortex.o
                0x08002b14                HAL_SYSTICK_Config
 .text.HAL_SYSTICK_CLKSourceConfig
                0x08002b40       0x20 Drivers/STM32L4xx_HAL_Driver/stm32l4xx_hal_cortex.o
                0x08002b40                HAL_SYSTICK_CLKSourceConfig
 .text.HAL_SYSTICK_Callback
                0x08002b60        0x2 Drivers/STM32L4xx_HAL_Driver/stm32l4xx_hal_cortex.o
                0x08002b60                HAL_SYSTICK_Callback
 .text.HAL_SYSTICK_IRQHandler
                0x08002b62        0x8 Drivers/STM32L4xx_HAL_Driver/stm32l4xx_hal_cortex.o
                0x08002b62                HAL_SYSTICK_IRQHandler
 .text.HAL_DAC_Init
                0x08002b6a       0x24 Drivers/STM32L4xx_HAL_Driver/stm32l4xx_hal_dac.o
                0x08002b6a                HAL_DAC_Init
 .text.HAL_DAC_Start
                0x08002b8e       0x5e Drivers/STM32L4xx_HAL_Driver/stm32l4xx_hal_dac.o
                0x08002b8e                HAL_DAC_Start
 .text.HAL_DAC_Start_DMA
                0x08002bec       0xf0 Drivers/STM32L4xx_HAL_Driver/stm32l4xx_hal_dac.o
                0x08002bec                HAL_DAC_Start_DMA
 .text.HAL_DAC_Stop_DMA
                0x08002cdc       0x54 Drivers/STM32L4xx_HAL_Driver/stm32l4xx_hal_dac.o
                0x08002cdc                HAL_DAC_Stop_DMA
 .text.DAC_DMAConvCpltCh1
                0x08002d30       0x10 Drivers/STM32L4xx_HAL_Driver/stm32l4xx_hal_dac.o
 .text.HAL_DAC_ConvHalfCpltCallbackCh1
                0x08002d40        0x2 Drivers/STM32L4xx_HAL_Driver/stm32l4xx_hal_dac.o
                0x08002d40                HAL_DAC_ConvHalfCpltCallbackCh1
 .text.DAC_DMAHalfConvCpltCh1
                0x08002d42        0xa Drivers/STM32L4xx_HAL_Driver/stm32l4xx_hal_dac.o
 .text.HAL_DAC_ErrorCallbackCh1
                0x08002d4c        0x2 Drivers/STM32L4xx_HAL_Driver/stm32l4xx_hal_dac.o
                0x08002d4c                HAL_DAC_ErrorCallbackCh1
 .text.DAC_DMAErrorCh1
                0x08002d4e       0x18 Drivers/STM32L4xx_HAL_Driver/stm32l4xx_hal_dac.o
 .text.HAL_DAC_ConfigChannel
                0x08002d66      0x128 Drivers/STM32L4xx_HAL_Driver/stm32l4xx_hal_dac.o
                0x08002d66                HAL_DAC_ConfigChannel
 .text.HAL_DACEx_ConvCpltCallbackCh2
                0x08002e8e        0x2 Drivers/STM32L4xx_HAL_Driver/stm32l4xx_hal_dac_ex.o
                0x08002e8e                HAL_DACEx_ConvCpltCallbackCh2
 .text.HAL_DACEx_ConvHalfCpltCallbackCh2
                0x08002e90        0x2 Drivers/STM32L4xx_HAL_Driver/stm32l4xx_hal_dac_ex.o
                0x08002e90                HAL_DACEx_ConvHalfCpltCallbackCh2
 .text.HAL_DACEx_ErrorCallbackCh2
                0x08002e92        0x2 Drivers/STM32L4xx_HAL_Driver/stm32l4xx_hal_dac_ex.o
                0x08002e92                HAL_DACEx_ErrorCallbackCh2
 .text.DAC_DMAConvCpltCh2
                0x08002e94       0x10 Drivers/STM32L4xx_HAL_Driver/stm32l4xx_hal_dac_ex.o
                0x08002e94                DAC_DMAConvCpltCh2
 .text.DAC_DMAHalfConvCpltCh2
                0x08002ea4        0xa Drivers/STM32L4xx_HAL_Driver/stm32l4xx_hal_dac_ex.o
                0x08002ea4                DAC_DMAHalfConvCpltCh2
 .text.DAC_DMAErrorCh2
                0x08002eae       0x18 Drivers/STM32L4xx_HAL_Driver/stm32l4xx_hal_dac_ex.o
                0x08002eae                DAC_DMAErrorCh2
 .text.DMA_SetConfig
                0x08002ec6       0x30 Drivers/STM32L4xx_HAL_Driver/stm32l4xx_hal_dma.o
 *fill*         0x08002ef6        0x2 
 .text.HAL_DMA_Init
                0x08002ef8       0xf8 Drivers/STM32L4xx_HAL_Driver/stm32l4xx_hal_dma.o
                0x08002ef8                HAL_DMA_Init
 .text.HAL_DMA_Start_IT
                0x08002ff0       0x76 Drivers/STM32L4xx_HAL_Driver/stm32l4xx_hal_dma.o
                0x08002ff0                HAL_DMA_Start_IT
 .text.HAL_DMA_Abort
                0x08003066       0x38 Drivers/STM32L4xx_HAL_Driver/stm32l4xx_hal_dma.o
                0x08003066                HAL_DMA_Abort
 .text.HAL_DMA_IRQHandler
                0x0800309e       0xc4 Drivers/STM32L4xx_HAL_Driver/stm32l4xx_hal_dma.o
                0x0800309e                HAL_DMA_IRQHandler
 *fill*         0x08003162        0x2 
 .text.HAL_GPIO_Init
                0x08003164      0x1d4 Drivers/STM32L4xx_HAL_Driver/stm32l4xx_hal_gpio.o
                0x08003164                HAL_GPIO_Init
 .text.HAL_GPIO_ReadPin
                0x08003338        0xe Drivers/STM32L4xx_HAL_Driver/stm32l4xx_hal_gpio.o
                0x08003338                HAL_GPIO_ReadPin
 .text.HAL_GPIO_WritePin
                0x08003346        0xa Drivers/STM32L4xx_HAL_Driver/stm32l4xx_hal_gpio.o
                0x08003346                HAL_GPIO_WritePin
 .text.HAL_PWREx_GetVoltageRange
                0x08003350       0x10 Drivers/STM32L4xx_HAL_Driver/stm32l4xx_hal_pwr_ex.o
                0x08003350                HAL_PWREx_GetVoltageRange
 .text.HAL_PWREx_ControlVoltageScaling
                0x08003360       0x90 Drivers/STM32L4xx_HAL_Driver/stm32l4xx_hal_pwr_ex.o
                0x08003360                HAL_PWREx_ControlVoltageScaling
 .text.RCC_SetFlashLatencyFromMSIRange
                0x080033f0       0x90 Drivers/STM32L4xx_HAL_Driver/stm32l4xx_hal_rcc.o
 .text.HAL_RCC_GetSysClockFreq
                0x08003480      0x100 Drivers/STM32L4xx_HAL_Driver/stm32l4xx_hal_rcc.o
                0x08003480                HAL_RCC_GetSysClockFreq
 .text.HAL_RCC_OscConfig
                0x08003580      0x580 Drivers/STM32L4xx_HAL_Driver/stm32l4xx_hal_rcc.o
                0x08003580                HAL_RCC_OscConfig
 .text.HAL_RCC_ClockConfig
                0x08003b00      0x150 Drivers/STM32L4xx_HAL_Driver/stm32l4xx_hal_rcc.o
                0x08003b00                HAL_RCC_ClockConfig
 .text.HAL_RCC_GetHCLKFreq
                0x08003c50        0xc Drivers/STM32L4xx_HAL_Driver/stm32l4xx_hal_rcc.o
                0x08003c50                HAL_RCC_GetHCLKFreq
 .text.HAL_RCC_GetPCLK1Freq
                0x08003c5c       0x20 Drivers/STM32L4xx_HAL_Driver/stm32l4xx_hal_rcc.o
                0x08003c5c                HAL_RCC_GetPCLK1Freq
 .text.HAL_RCC_GetPCLK2Freq
                0x08003c7c       0x20 Drivers/STM32L4xx_HAL_Driver/stm32l4xx_hal_rcc.o
                0x08003c7c                HAL_RCC_GetPCLK2Freq
 .text.RCCEx_PLLSAI1_Config
                0x08003c9c      0x170 Drivers/STM32L4xx_HAL_Driver/stm32l4xx_hal_rcc_ex.o
 .text.RCCEx_PLLSAI2_Config
                0x08003e0c      0x14c Drivers/STM32L4xx_HAL_Driver/stm32l4xx_hal_rcc_ex.o
 .text.HAL_RCCEx_PeriphCLKConfig
                0x08003f58      0x450 Drivers/STM32L4xx_HAL_Driver/stm32l4xx_hal_rcc_ex.o
                0x08003f58                HAL_RCCEx_PeriphCLKConfig
 .text.HAL_RCCEx_GetPeriphCLKFreq
                0x080043a8      0x810 Drivers/STM32L4xx_HAL_Driver/stm32l4xx_hal_rcc_ex.o
                0x080043a8                HAL_RCCEx_GetPeriphCLKFreq
 .text.SAI_Disable
                0x08004bb8       0x44 Drivers/STM32L4xx_HAL_Driver/stm32l4xx_hal_sai.o
 .text.HAL_SAI_Init
                0x08004bfc      0x1d4 Drivers/STM32L4xx_HAL_Driver/stm32l4xx_hal_sai.o
                0x08004bfc                HAL_SAI_Init
 .text.TIM_TI1_ConfigInputStage
                0x08004dd0       0x26 Drivers/STM32L4xx_HAL_Driver/stm32l4xx_hal_tim.o
 .text.TIM_TI2_ConfigInputStage
                0x08004df6       0x28 Drivers/STM32L4xx_HAL_Driver/stm32l4xx_hal_tim.o
 .text.TIM_ITRx_SetConfig
                0x08004e1e       0x10 Drivers/STM32L4xx_HAL_Driver/stm32l4xx_hal_tim.o
 *fill*         0x08004e2e        0x2 
 .text.HAL_TIM_Base_Start
                0x08004e30       0x34 Drivers/STM32L4xx_HAL_Driver/stm32l4xx_hal_tim.o
                0x08004e30                HAL_TIM_Base_Start
 .text.HAL_TIM_Base_Start_IT
                0x08004e64       0x34 Drivers/STM32L4xx_HAL_Driver/stm32l4xx_hal_tim.o
                0x08004e64                HAL_TIM_Base_Start_IT
 .text.HAL_TIM_OC_DelayElapsedCallback
                0x08004e98        0x2 Drivers/STM32L4xx_HAL_Driver/stm32l4xx_hal_tim.o
                0x08004e98                HAL_TIM_OC_DelayElapsedCallback
 .text.HAL_TIM_IC_CaptureCallback
                0x08004e9a        0x2 Drivers/STM32L4xx_HAL_Driver/stm32l4xx_hal_tim.o
                0x08004e9a                HAL_TIM_IC_CaptureCallback
 .text.HAL_TIM_PWM_PulseFinishedCallback
                0x08004e9c        0x2 Drivers/STM32L4xx_HAL_Driver/stm32l4xx_hal_tim.o
                0x08004e9c                HAL_TIM_PWM_PulseFinishedCallback
 .text.HAL_TIM_TriggerCallback
                0x08004e9e        0x2 Drivers/STM32L4xx_HAL_Driver/stm32l4xx_hal_tim.o
                0x08004e9e                HAL_TIM_TriggerCallback
 .text.HAL_TIM_IRQHandler
                0x08004ea0      0x19a Drivers/STM32L4xx_HAL_Driver/stm32l4xx_hal_tim.o
                0x08004ea0                HAL_TIM_IRQHandler
 *fill*         0x0800503a        0x2 
 .text.TIM_Base_SetConfig
                0x0800503c       0xc8 Drivers/STM32L4xx_HAL_Driver/stm32l4xx_hal_tim.o
                0x0800503c                TIM_Base_SetConfig
 .text.HAL_TIM_Base_Init
                0x08005104       0x32 Drivers/STM32L4xx_HAL_Driver/stm32l4xx_hal_tim.o
                0x08005104                HAL_TIM_Base_Init
 .text.TIM_ETR_SetConfig
                0x08005136       0x18 Drivers/STM32L4xx_HAL_Driver/stm32l4xx_hal_tim.o
                0x08005136                TIM_ETR_SetConfig
 *fill*         0x0800514e        0x2 
 .text.HAL_TIM_ConfigClockSource
                0x08005150       0xf8 Drivers/STM32L4xx_HAL_Driver/stm32l4xx_hal_tim.o
                0x08005150                HAL_TIM_ConfigClockSource
 .text.HAL_TIMEx_MasterConfigSynchronization
                0x08005248       0x64 Drivers/STM32L4xx_HAL_Driver/stm32l4xx_hal_tim_ex.o
                0x08005248                HAL_TIMEx_MasterConfigSynchronization
 .text.HAL_TIMEx_CommutationCallback
                0x080052ac        0x2 Drivers/STM32L4xx_HAL_Driver/stm32l4xx_hal_tim_ex.o
                0x080052ac                HAL_TIMEx_CommutationCallback
 .text.HAL_TIMEx_BreakCallback
                0x080052ae        0x2 Drivers/STM32L4xx_HAL_Driver/stm32l4xx_hal_tim_ex.o
                0x080052ae                HAL_TIMEx_BreakCallback
 .text.HAL_TIMEx_Break2Callback
                0x080052b0        0x2 Drivers/STM32L4xx_HAL_Driver/stm32l4xx_hal_tim_ex.o
                0x080052b0                HAL_TIMEx_Break2Callback
 *fill*         0x080052b2        0x2 
 .text.__libc_init_array
                0x080052b4       0x48 c:/program files/ac6/plugins/fr.ac6.mcu.externaltools.arm-none.win32_1.16.0.201807130628/tools/compiler/bin/../lib/gcc/arm-none-eabi/7.2.1/../../../../arm-none-eabi/lib/thumb/v7e-m/fpv4-sp/hard\libc_nano.a(lib_a-init.o)
                0x080052b4                __libc_init_array
 *(.glue_7)
 .glue_7        0x080052fc        0x0 linker stubs
 *(.glue_7t)
 .glue_7t       0x080052fc        0x0 linker stubs
 *(.eh_frame)
 .eh_frame      0x080052fc        0x0 c:/program files/ac6/plugins/fr.ac6.mcu.externaltools.arm-none.win32_1.16.0.201807130628/tools/compiler/bin/../lib/gcc/arm-none-eabi/7.2.1/thumb/v7e-m/fpv4-sp/hard/crtbegin.o
 *(.init)
 .init          0x080052fc        0x4 c:/program files/ac6/plugins/fr.ac6.mcu.externaltools.arm-none.win32_1.16.0.201807130628/tools/compiler/bin/../lib/gcc/arm-none-eabi/7.2.1/thumb/v7e-m/fpv4-sp/hard/crti.o
                0x080052fc                _init
 .init          0x08005300        0x8 c:/program files/ac6/plugins/fr.ac6.mcu.externaltools.arm-none.win32_1.16.0.201807130628/tools/compiler/bin/../lib/gcc/arm-none-eabi/7.2.1/thumb/v7e-m/fpv4-sp/hard/crtn.o
 *(.fini)
 .fini          0x08005308        0x4 c:/program files/ac6/plugins/fr.ac6.mcu.externaltools.arm-none.win32_1.16.0.201807130628/tools/compiler/bin/../lib/gcc/arm-none-eabi/7.2.1/thumb/v7e-m/fpv4-sp/hard/crti.o
                0x08005308                _fini
 .fini          0x0800530c        0x8 c:/program files/ac6/plugins/fr.ac6.mcu.externaltools.arm-none.win32_1.16.0.201807130628/tools/compiler/bin/../lib/gcc/arm-none-eabi/7.2.1/thumb/v7e-m/fpv4-sp/hard/crtn.o
                0x08005318                . = ALIGN (0x8)
 *fill*         0x08005314        0x4 
                0x08005318                _etext = .

.vfp11_veneer   0x08005318        0x0
 .vfp11_veneer  0x08005318        0x0 linker stubs

.v4_bx          0x08005318        0x0
 .v4_bx         0x08005318        0x0 linker stubs

.iplt           0x08005318        0x0
 .iplt          0x08005318        0x0 c:/program files/ac6/plugins/fr.ac6.mcu.externaltools.arm-none.win32_1.16.0.201807130628/tools/compiler/bin/../lib/gcc/arm-none-eabi/7.2.1/thumb/v7e-m/fpv4-sp/hard/crtbegin.o

.rodata         0x08005318       0xe8
                0x08005318                . = ALIGN (0x8)
 *(.rodata)
 .rodata        0x08005318       0x48 Drivers/CMSIS/system_stm32l4xx.o
                0x08005318                MSIRangeTable
                0x08005348                AHBPrescTable
                0x08005358                APBPrescTable
 *(.rodata*)
 .rodata.str1.4
                0x08005360       0x47 Application/User/main.o
 *fill*         0x080053a7        0x1 
 .rodata.str1.4
                0x080053a8       0x54 Application/User/stm32l4xx_hal_msp.o
                0x08005400                . = ALIGN (0x8)
 *fill*         0x080053fc        0x4 

.ARM.extab      0x08005400        0x0
                0x08005400                . = ALIGN (0x8)
 *(.ARM.extab* .gnu.linkonce.armextab.*)
                0x08005400                . = ALIGN (0x8)

.ARM            0x08005400        0x8
                0x08005400                . = ALIGN (0x8)
                0x08005400                __exidx_start = .
 *(.ARM.exidx*)
 .ARM.exidx     0x08005400        0x8 c:/program files/ac6/plugins/fr.ac6.mcu.externaltools.arm-none.win32_1.16.0.201807130628/tools/compiler/bin/../lib/gcc/arm-none-eabi/7.2.1/thumb/v7e-m/fpv4-sp/hard\libgcc.a(_udivmoddi4.o)
                0x08005408                __exidx_end = .
                0x08005408                . = ALIGN (0x8)

.rel.dyn        0x08005408        0x0
 .rel.iplt      0x08005408        0x0 c:/program files/ac6/plugins/fr.ac6.mcu.externaltools.arm-none.win32_1.16.0.201807130628/tools/compiler/bin/../lib/gcc/arm-none-eabi/7.2.1/thumb/v7e-m/fpv4-sp/hard/crtbegin.o

.preinit_array  0x08005408        0x0
                0x08005408                . = ALIGN (0x8)
                0x08005408                PROVIDE (__preinit_array_start, .)
 *(.preinit_array*)
                0x08005408                PROVIDE (__preinit_array_end, .)
                0x08005408                . = ALIGN (0x8)

.init_array     0x08005408        0x8
                0x08005408                . = ALIGN (0x8)
                0x08005408                PROVIDE (__init_array_start, .)
 *(SORT_BY_NAME(.init_array.*))
 *(.init_array*)
 .init_array    0x08005408        0x4 c:/program files/ac6/plugins/fr.ac6.mcu.externaltools.arm-none.win32_1.16.0.201807130628/tools/compiler/bin/../lib/gcc/arm-none-eabi/7.2.1/thumb/v7e-m/fpv4-sp/hard/crtbegin.o
                0x0800540c                PROVIDE (__init_array_end, .)
                0x08005410                . = ALIGN (0x8)
 *fill*         0x0800540c        0x4 

.fini_array     0x08005410        0x8
                0x08005410                . = ALIGN (0x8)
                [!provide]                PROVIDE (__fini_array_start, .)
 *(SORT_BY_NAME(.fini_array.*))
 *(.fini_array*)
 .fini_array    0x08005410        0x4 c:/program files/ac6/plugins/fr.ac6.mcu.externaltools.arm-none.win32_1.16.0.201807130628/tools/compiler/bin/../lib/gcc/arm-none-eabi/7.2.1/thumb/v7e-m/fpv4-sp/hard/crtbegin.o
                [!provide]                PROVIDE (__fini_array_end, .)
                0x08005418                . = ALIGN (0x8)
 *fill*         0x08005414        0x4 
                0x08005418                _sidata = LOADADDR (.data)

.data           0x20000000       0x10 load address 0x08005418
                0x20000000                . = ALIGN (0x8)
                0x20000000                _sdata = .
 *(.data)
 .data          0x20000000        0xc Application/User/main.o
                0x20000000                ADC3_flag
                0x20000002                ADC1_flag
                0x20000004                sound_level_control
                0x20000008                DAC_flag
                0x2000000a                TIM_flag
 .data          0x2000000c        0x4 Drivers/CMSIS/system_stm32l4xx.o
                0x2000000c                SystemCoreClock
 *(.data*)
                0x20000010                . = ALIGN (0x8)
                0x20000010                _edata = .

.igot.plt       0x20000010        0x0 load address 0x08005428
 .igot.plt      0x20000010        0x0 c:/program files/ac6/plugins/fr.ac6.mcu.externaltools.arm-none.win32_1.16.0.201807130628/tools/compiler/bin/../lib/gcc/arm-none-eabi/7.2.1/thumb/v7e-m/fpv4-sp/hard/crtbegin.o
                0x20000010                . = ALIGN (0x4)

.bss            0x20000010      0x398 load address 0x08005428
                0x20000010                _sbss = .
                0x20000010                __bss_start__ = _sbss
 *(.bss)
 .bss           0x20000010       0x1c c:/program files/ac6/plugins/fr.ac6.mcu.externaltools.arm-none.win32_1.16.0.201807130628/tools/compiler/bin/../lib/gcc/arm-none-eabi/7.2.1/thumb/v7e-m/fpv4-sp/hard/crtbegin.o
 *fill*         0x2000002c        0x4 
 .bss           0x20000030       0x64 Application/User/microphone.o
                0x20000030                averaged_outputs
                0x20000080                averaging_counter
                0x20000084                mic_sample_counter
                0x20000088                mic_sample_sum
                0x20000090                mic_sample_mean
 .bss           0x20000094        0x8 Application/User/stm32l4xx_hal_msp.o
 .bss           0x2000009c        0x3 Application/User/system.o
                0x2000009c                Button_Up_counter
                0x2000009d                Button_Down_counter
                0x2000009e                Button_Main_counter
 *(.bss*)
 *(COMMON)
 *fill*         0x2000009f        0x1 
 COMMON         0x200000a0      0x304 Application/User/main.o
                0x200000a0                battery_voltage
                0x200000a4                hdac1
                0x200000b8                hadc2
                0x20000120                menu_mode
                0x20000124                mic_mean_level
                0x20000128                speaker_output
                0x2000012c                Buttons_action
                0x20000130                htim3
                0x20000170                hdma_dac_ch1
                0x200001b8                hadc1
                0x20000220                hadc3
                0x20000288                hdma_adc1
                0x200002d0                htim6
                0x20000310                microphone
                0x20000314                Buttons_states
                0x20000318                hsai_BlockA1
                0x2000039c                mic_averaged
                0x200003a0                adc_type
 COMMON         0x200003a4        0x4 Drivers/STM32L4xx_HAL_Driver/stm32l4xx_hal.o
                0x200003a4                uwTick
                0x200003a8                . = ALIGN (0x4)
                0x200003a8                _ebss = .
                0x200003a8                __bss_end__ = _ebss

._user_heap_stack
                0x200003a8      0x600 load address 0x08005428
                0x200003a8                . = ALIGN (0x8)
                [!provide]                PROVIDE (end, .)
                [!provide]                PROVIDE (_end, .)
                0x200005a8                . = (. + _Min_Heap_Size)
 *fill*         0x200003a8      0x200 
                0x200009a8                . = (. + _Min_Stack_Size)
 *fill*         0x200005a8      0x400 
                0x200009a8                . = ALIGN (0x8)

/DISCARD/
 libc.a(*)
 libm.a(*)
 libgcc.a(*)

.ARM.attributes
                0x00000000       0x30
 *(.ARM.attributes)
 .ARM.attributes
                0x00000000       0x22 c:/program files/ac6/plugins/fr.ac6.mcu.externaltools.arm-none.win32_1.16.0.201807130628/tools/compiler/bin/../lib/gcc/arm-none-eabi/7.2.1/thumb/v7e-m/fpv4-sp/hard/crti.o
 .ARM.attributes
                0x00000022       0x34 c:/program files/ac6/plugins/fr.ac6.mcu.externaltools.arm-none.win32_1.16.0.201807130628/tools/compiler/bin/../lib/gcc/arm-none-eabi/7.2.1/thumb/v7e-m/fpv4-sp/hard/crtbegin.o
 .ARM.attributes
                0x00000056       0x21 Application/SW4STM32/startup_stm32l476xx.o
 .ARM.attributes
                0x00000077       0x39 Application/User/battery.o
 .ARM.attributes
                0x000000b0       0x39 Application/User/main.o
 .ARM.attributes
                0x000000e9       0x39 Application/User/microphone.o
 .ARM.attributes
                0x00000122       0x39 Application/User/speaker.o
 .ARM.attributes
                0x0000015b       0x39 Application/User/stm32l4xx_hal_msp.o
 .ARM.attributes
                0x00000194       0x39 Application/User/stm32l4xx_it.o
 .ARM.attributes
                0x000001cd       0x39 Application/User/system.o
 .ARM.attributes
                0x00000206       0x39 Drivers/CMSIS/system_stm32l4xx.o
 .ARM.attributes
                0x0000023f       0x39 Drivers/STM32L4xx_HAL_Driver/stm32l4xx_hal.o
 .ARM.attributes
                0x00000278       0x39 Drivers/STM32L4xx_HAL_Driver/stm32l4xx_hal_adc.o
 .ARM.attributes
                0x000002b1       0x39 Drivers/STM32L4xx_HAL_Driver/stm32l4xx_hal_adc_ex.o
 .ARM.attributes
                0x000002ea       0x39 Drivers/STM32L4xx_HAL_Driver/stm32l4xx_hal_cortex.o
 .ARM.attributes
                0x00000323       0x39 Drivers/STM32L4xx_HAL_Driver/stm32l4xx_hal_dac.o
 .ARM.attributes
                0x0000035c       0x39 Drivers/STM32L4xx_HAL_Driver/stm32l4xx_hal_dac_ex.o
 .ARM.attributes
                0x00000395       0x39 Drivers/STM32L4xx_HAL_Driver/stm32l4xx_hal_dma.o
 .ARM.attributes
                0x000003ce       0x39 Drivers/STM32L4xx_HAL_Driver/stm32l4xx_hal_gpio.o
 .ARM.attributes
                0x00000407       0x39 Drivers/STM32L4xx_HAL_Driver/stm32l4xx_hal_pwr_ex.o
 .ARM.attributes
                0x00000440       0x39 Drivers/STM32L4xx_HAL_Driver/stm32l4xx_hal_rcc.o
 .ARM.attributes
                0x00000479       0x39 Drivers/STM32L4xx_HAL_Driver/stm32l4xx_hal_rcc_ex.o
 .ARM.attributes
                0x000004b2       0x39 Drivers/STM32L4xx_HAL_Driver/stm32l4xx_hal_sai.o
 .ARM.attributes
                0x000004eb       0x39 Drivers/STM32L4xx_HAL_Driver/stm32l4xx_hal_tim.o
 .ARM.attributes
                0x00000524       0x39 Drivers/STM32L4xx_HAL_Driver/stm32l4xx_hal_tim_ex.o
 .ARM.attributes
                0x0000055d       0x22 c:/program files/ac6/plugins/fr.ac6.mcu.externaltools.arm-none.win32_1.16.0.201807130628/tools/compiler/bin/../lib/gcc/arm-none-eabi/7.2.1/thumb/v7e-m/fpv4-sp/hard\libgcc.a(_arm_addsubdf3.o)
 .ARM.attributes
                0x0000057f       0x22 c:/program files/ac6/plugins/fr.ac6.mcu.externaltools.arm-none.win32_1.16.0.201807130628/tools/compiler/bin/../lib/gcc/arm-none-eabi/7.2.1/thumb/v7e-m/fpv4-sp/hard\libgcc.a(_arm_muldivdf3.o)
 .ARM.attributes
                0x000005a1       0x22 c:/program files/ac6/plugins/fr.ac6.mcu.externaltools.arm-none.win32_1.16.0.201807130628/tools/compiler/bin/../lib/gcc/arm-none-eabi/7.2.1/thumb/v7e-m/fpv4-sp/hard\libgcc.a(_arm_fixunsdfsi.o)
 .ARM.attributes
                0x000005c3       0x22 c:/program files/ac6/plugins/fr.ac6.mcu.externaltools.arm-none.win32_1.16.0.201807130628/tools/compiler/bin/../lib/gcc/arm-none-eabi/7.2.1/thumb/v7e-m/fpv4-sp/hard\libgcc.a(_arm_truncdfsf2.o)
 .ARM.attributes
                0x000005e5       0x22 c:/program files/ac6/plugins/fr.ac6.mcu.externaltools.arm-none.win32_1.16.0.201807130628/tools/compiler/bin/../lib/gcc/arm-none-eabi/7.2.1/thumb/v7e-m/fpv4-sp/hard\libgcc.a(_aeabi_uldivmod.o)
 .ARM.attributes
                0x00000607       0x34 c:/program files/ac6/plugins/fr.ac6.mcu.externaltools.arm-none.win32_1.16.0.201807130628/tools/compiler/bin/../lib/gcc/arm-none-eabi/7.2.1/thumb/v7e-m/fpv4-sp/hard\libgcc.a(_fixsfdi.o)
 .ARM.attributes
                0x0000063b       0x34 c:/program files/ac6/plugins/fr.ac6.mcu.externaltools.arm-none.win32_1.16.0.201807130628/tools/compiler/bin/../lib/gcc/arm-none-eabi/7.2.1/thumb/v7e-m/fpv4-sp/hard\libgcc.a(_fixunssfdi.o)
 .ARM.attributes
                0x0000066f       0x34 c:/program files/ac6/plugins/fr.ac6.mcu.externaltools.arm-none.win32_1.16.0.201807130628/tools/compiler/bin/../lib/gcc/arm-none-eabi/7.2.1/thumb/v7e-m/fpv4-sp/hard\libgcc.a(_udivmoddi4.o)
 .ARM.attributes
                0x000006a3       0x22 c:/program files/ac6/plugins/fr.ac6.mcu.externaltools.arm-none.win32_1.16.0.201807130628/tools/compiler/bin/../lib/gcc/arm-none-eabi/7.2.1/thumb/v7e-m/fpv4-sp/hard\libgcc.a(_dvmd_tls.o)
 .ARM.attributes
                0x000006c5       0x34 c:/program files/ac6/plugins/fr.ac6.mcu.externaltools.arm-none.win32_1.16.0.201807130628/tools/compiler/bin/../lib/gcc/arm-none-eabi/7.2.1/../../../../arm-none-eabi/lib/thumb/v7e-m/fpv4-sp/hard\libc_nano.a(lib_a-init.o)
 .ARM.attributes
                0x000006f9       0x22 c:/program files/ac6/plugins/fr.ac6.mcu.externaltools.arm-none.win32_1.16.0.201807130628/tools/compiler/bin/../lib/gcc/arm-none-eabi/7.2.1/thumb/v7e-m/fpv4-sp/hard/crtn.o
OUTPUT(tactical_headphones.elf elf32-littlearm)

.debug_line     0x00000000    0x1203c
 .debug_line    0x00000000       0xb9 Application/SW4STM32/startup_stm32l476xx.o
 .debug_line    0x000000b9      0x917 Application/User/battery.o
 .debug_line    0x000009d0      0xb0f Application/User/main.o
 .debug_line    0x000014df      0x97e Application/User/microphone.o
 .debug_line    0x00001e5d      0x8f5 Application/User/speaker.o
 .debug_line    0x00002752      0xa2f Application/User/stm32l4xx_hal_msp.o
 .debug_line    0x00003181      0x9c9 Application/User/stm32l4xx_it.o
 .debug_line    0x00003b4a      0x93d Application/User/system.o
 .debug_line    0x00004487      0x933 Drivers/CMSIS/system_stm32l4xx.o
 .debug_line    0x00004dba      0xb4e Drivers/STM32L4xx_HAL_Driver/stm32l4xx_hal.o
 .debug_line    0x00005908     0x169f Drivers/STM32L4xx_HAL_Driver/stm32l4xx_hal_adc.o
 .debug_line    0x00006fa7     0x12f3 Drivers/STM32L4xx_HAL_Driver/stm32l4xx_hal_adc_ex.o
 .debug_line    0x0000829a      0xb2e Drivers/STM32L4xx_HAL_Driver/stm32l4xx_hal_cortex.o
 .debug_line    0x00008dc8      0xb88 Drivers/STM32L4xx_HAL_Driver/stm32l4xx_hal_dac.o
 .debug_line    0x00009950      0xaed Drivers/STM32L4xx_HAL_Driver/stm32l4xx_hal_dac_ex.o
 .debug_line    0x0000a43d      0xb75 Drivers/STM32L4xx_HAL_Driver/stm32l4xx_hal_dma.o
 .debug_line    0x0000afb2      0xa76 Drivers/STM32L4xx_HAL_Driver/stm32l4xx_hal_gpio.o
 .debug_line    0x0000ba28      0xd83 Drivers/STM32L4xx_HAL_Driver/stm32l4xx_hal_pwr_ex.o
 .debug_line    0x0000c7ab      0xc4c Drivers/STM32L4xx_HAL_Driver/stm32l4xx_hal_rcc.o
 .debug_line    0x0000d3f7      0xec6 Drivers/STM32L4xx_HAL_Driver/stm32l4xx_hal_rcc_ex.o
 .debug_line    0x0000e2bd     0x1176 Drivers/STM32L4xx_HAL_Driver/stm32l4xx_hal_sai.o
 .debug_line    0x0000f433     0x1c14 Drivers/STM32L4xx_HAL_Driver/stm32l4xx_hal_tim.o
 .debug_line    0x00011047      0xff5 Drivers/STM32L4xx_HAL_Driver/stm32l4xx_hal_tim_ex.o

.debug_info     0x00000000    0x21ff2
 .debug_info    0x00000000       0x22 Application/SW4STM32/startup_stm32l476xx.o
 .debug_info    0x00000022     0x100d Application/User/battery.o
 .debug_info    0x0000102f     0x2ec3 Application/User/main.o
 .debug_info    0x00003ef2      0xb1f Application/User/microphone.o
 .debug_info    0x00004a11      0x9d0 Application/User/speaker.o
 .debug_info    0x000053e1     0x224e Application/User/stm32l4xx_hal_msp.o
 .debug_info    0x0000762f     0x1379 Application/User/stm32l4xx_it.o
 .debug_info    0x000089a8      0xc43 Application/User/system.o
 .debug_info    0x000095eb      0xde3 Drivers/CMSIS/system_stm32l4xx.o
 .debug_info    0x0000a3ce     0x1316 Drivers/STM32L4xx_HAL_Driver/stm32l4xx_hal.o
 .debug_info    0x0000b6e4     0x2f3a Drivers/STM32L4xx_HAL_Driver/stm32l4xx_hal_adc.o
 .debug_info    0x0000e61e     0x25af Drivers/STM32L4xx_HAL_Driver/stm32l4xx_hal_adc_ex.o
 .debug_info    0x00010bcd     0x1784 Drivers/STM32L4xx_HAL_Driver/stm32l4xx_hal_cortex.o
 .debug_info    0x00012351     0x1406 Drivers/STM32L4xx_HAL_Driver/stm32l4xx_hal_dac.o
 .debug_info    0x00013757     0x123c Drivers/STM32L4xx_HAL_Driver/stm32l4xx_hal_dac_ex.o
 .debug_info    0x00014993     0x1060 Drivers/STM32L4xx_HAL_Driver/stm32l4xx_hal_dma.o
 .debug_info    0x000159f3     0x108c Drivers/STM32L4xx_HAL_Driver/stm32l4xx_hal_gpio.o
 .debug_info    0x00016a7f     0x12c8 Drivers/STM32L4xx_HAL_Driver/stm32l4xx_hal_pwr_ex.o
 .debug_info    0x00017d47     0x15cb Drivers/STM32L4xx_HAL_Driver/stm32l4xx_hal_rcc.o
 .debug_info    0x00019312     0x18d5 Drivers/STM32L4xx_HAL_Driver/stm32l4xx_hal_rcc_ex.o
 .debug_info    0x0001abe7     0x1f04 Drivers/STM32L4xx_HAL_Driver/stm32l4xx_hal_sai.o
 .debug_info    0x0001caeb     0x37d6 Drivers/STM32L4xx_HAL_Driver/stm32l4xx_hal_tim.o
 .debug_info    0x000202c1     0x1d31 Drivers/STM32L4xx_HAL_Driver/stm32l4xx_hal_tim_ex.o

.debug_abbrev   0x00000000     0x3cdb
 .debug_abbrev  0x00000000       0x12 Application/SW4STM32/startup_stm32l476xx.o
 .debug_abbrev  0x00000012      0x240 Application/User/battery.o
 .debug_abbrev  0x00000252      0x300 Application/User/main.o
 .debug_abbrev  0x00000552      0x280 Application/User/microphone.o
 .debug_abbrev  0x000007d2      0x1d1 Application/User/speaker.o
 .debug_abbrev  0x000009a3      0x2a8 Application/User/stm32l4xx_hal_msp.o
 .debug_abbrev  0x00000c4b      0x221 Application/User/stm32l4xx_it.o
 .debug_abbrev  0x00000e6c      0x283 Application/User/system.o
 .debug_abbrev  0x000010ef      0x228 Drivers/CMSIS/system_stm32l4xx.o
 .debug_abbrev  0x00001317      0x2ee Drivers/STM32L4xx_HAL_Driver/stm32l4xx_hal.o
 .debug_abbrev  0x00001605      0x326 Drivers/STM32L4xx_HAL_Driver/stm32l4xx_hal_adc.o
 .debug_abbrev  0x0000192b      0x355 Drivers/STM32L4xx_HAL_Driver/stm32l4xx_hal_adc_ex.o
 .debug_abbrev  0x00001c80      0x3ba Drivers/STM32L4xx_HAL_Driver/stm32l4xx_hal_cortex.o
 .debug_abbrev  0x0000203a      0x2b5 Drivers/STM32L4xx_HAL_Driver/stm32l4xx_hal_dac.o
 .debug_abbrev  0x000022ef      0x31c Drivers/STM32L4xx_HAL_Driver/stm32l4xx_hal_dac_ex.o
 .debug_abbrev  0x0000260b      0x2dc Drivers/STM32L4xx_HAL_Driver/stm32l4xx_hal_dma.o
 .debug_abbrev  0x000028e7      0x2a7 Drivers/STM32L4xx_HAL_Driver/stm32l4xx_hal_gpio.o
 .debug_abbrev  0x00002b8e      0x2d4 Drivers/STM32L4xx_HAL_Driver/stm32l4xx_hal_pwr_ex.o
 .debug_abbrev  0x00002e62      0x2ec Drivers/STM32L4xx_HAL_Driver/stm32l4xx_hal_rcc.o
 .debug_abbrev  0x0000314e      0x30c Drivers/STM32L4xx_HAL_Driver/stm32l4xx_hal_rcc_ex.o
 .debug_abbrev  0x0000345a      0x2ec Drivers/STM32L4xx_HAL_Driver/stm32l4xx_hal_sai.o
 .debug_abbrev  0x00003746      0x2b5 Drivers/STM32L4xx_HAL_Driver/stm32l4xx_hal_tim.o
 .debug_abbrev  0x000039fb      0x2e0 Drivers/STM32L4xx_HAL_Driver/stm32l4xx_hal_tim_ex.o

.debug_aranges  0x00000000     0x1118
 .debug_aranges
                0x00000000       0x28 Application/SW4STM32/startup_stm32l476xx.o
 .debug_aranges
                0x00000028       0x30 Application/User/battery.o
 .debug_aranges
                0x00000058       0x90 Application/User/main.o
 .debug_aranges
                0x000000e8       0x40 Application/User/microphone.o
 .debug_aranges
                0x00000128       0x20 Application/User/speaker.o
 .debug_aranges
                0x00000148       0x60 Application/User/stm32l4xx_hal_msp.o
 .debug_aranges
                0x000001a8       0x80 Application/User/stm32l4xx_it.o
 .debug_aranges
                0x00000228       0x30 Application/User/system.o
 .debug_aranges
                0x00000258       0x28 Drivers/CMSIS/system_stm32l4xx.o
 .debug_aranges
                0x00000280      0x118 Drivers/STM32L4xx_HAL_Driver/stm32l4xx_hal.o
 .debug_aranges
                0x00000398       0xf8 Drivers/STM32L4xx_HAL_Driver/stm32l4xx_hal_adc.o
 .debug_aranges
                0x00000490       0xf0 Drivers/STM32L4xx_HAL_Driver/stm32l4xx_hal_adc_ex.o
 .debug_aranges
                0x00000580       0xa8 Drivers/STM32L4xx_HAL_Driver/stm32l4xx_hal_cortex.o
 .debug_aranges
                0x00000628       0xc0 Drivers/STM32L4xx_HAL_Driver/stm32l4xx_hal_dac.o
 .debug_aranges
                0x000006e8       0x88 Drivers/STM32L4xx_HAL_Driver/stm32l4xx_hal_dac_ex.o
 .debug_aranges
                0x00000770       0x80 Drivers/STM32L4xx_HAL_Driver/stm32l4xx_hal_dma.o
 .debug_aranges
                0x000007f0       0x58 Drivers/STM32L4xx_HAL_Driver/stm32l4xx_hal_gpio.o
 .debug_aranges
                0x00000848      0x148 Drivers/STM32L4xx_HAL_Driver/stm32l4xx_hal_pwr_ex.o
 .debug_aranges
                0x00000990       0x88 Drivers/STM32L4xx_HAL_Driver/stm32l4xx_hal_rcc.o
 .debug_aranges
                0x00000a18       0xb8 Drivers/STM32L4xx_HAL_Driver/stm32l4xx_hal_rcc_ex.o
 .debug_aranges
                0x00000ad0      0x178 Drivers/STM32L4xx_HAL_Driver/stm32l4xx_hal_sai.o
 .debug_aranges
                0x00000c48      0x378 Drivers/STM32L4xx_HAL_Driver/stm32l4xx_hal_tim.o
 .debug_aranges
                0x00000fc0      0x158 Drivers/STM32L4xx_HAL_Driver/stm32l4xx_hal_tim_ex.o

.debug_str      0x00000000   0x10267e
 .debug_str     0x00000000       0xc9 Application/SW4STM32/startup_stm32l476xx.o
 .debug_str     0x000000c9    0xfc683 Application/User/battery.o
                              0xfccb5 (size before relaxing)
 .debug_str     0x000fc74c     0x1613 Application/User/main.o
                              0xfe434 (size before relaxing)
 .debug_str     0x000fdd5f      0x128 Application/User/microphone.o
                              0xfc904 (size before relaxing)
 .debug_str     0x000fde87       0x98 Application/User/speaker.o
                              0xfc82e (size before relaxing)
 .debug_str     0x000fdf1f      0x182 Application/User/stm32l4xx_hal_msp.o
                              0xfda3b (size before relaxing)
 .debug_str     0x000fe0a1      0x19f Application/User/stm32l4xx_it.o
                              0xfcfd7 (size before relaxing)
 .debug_str     0x000fe240       0xd7 Application/User/system.o
                              0xfc902 (size before relaxing)
 .debug_str     0x000fe317      0x101 Drivers/CMSIS/system_stm32l4xx.o
                              0xfc9a6 (size before relaxing)
 .debug_str     0x000fe418      0x5c2 Drivers/STM32L4xx_HAL_Driver/stm32l4xx_hal.o
                              0xfd4cf (size before relaxing)
 .debug_str     0x000fe9da      0x8be Drivers/STM32L4xx_HAL_Driver/stm32l4xx_hal_adc.o
                              0xfd66d (size before relaxing)
 .debug_str     0x000ff298      0x54b Drivers/STM32L4xx_HAL_Driver/stm32l4xx_hal_adc_ex.o
                              0xfd4ff (size before relaxing)
 .debug_str     0x000ff7e3      0x34e Drivers/STM32L4xx_HAL_Driver/stm32l4xx_hal_cortex.o
                              0xfd1ee (size before relaxing)
 .debug_str     0x000ffb31      0x1ff Drivers/STM32L4xx_HAL_Driver/stm32l4xx_hal_dac.o
                              0xfce9e (size before relaxing)
 .debug_str     0x000ffd30      0x200 Drivers/STM32L4xx_HAL_Driver/stm32l4xx_hal_dac_ex.o
                              0xfcdf1 (size before relaxing)
 .debug_str     0x000fff30      0x243 Drivers/STM32L4xx_HAL_Driver/stm32l4xx_hal_dma.o
                              0xfcc46 (size before relaxing)
 .debug_str     0x00100173      0x27f Drivers/STM32L4xx_HAL_Driver/stm32l4xx_hal_gpio.o
                              0xfcc81 (size before relaxing)
 .debug_str     0x001003f2      0x4af Drivers/STM32L4xx_HAL_Driver/stm32l4xx_hal_pwr_ex.o
                              0xfcebc (size before relaxing)
 .debug_str     0x001008a1      0x38d Drivers/STM32L4xx_HAL_Driver/stm32l4xx_hal_rcc.o
                              0xfcf80 (size before relaxing)
 .debug_str     0x00100c2e      0x3ce Drivers/STM32L4xx_HAL_Driver/stm32l4xx_hal_rcc_ex.o
                              0xfd155 (size before relaxing)
 .debug_str     0x00100ffc      0x456 Drivers/STM32L4xx_HAL_Driver/stm32l4xx_hal_sai.o
                              0xfd131 (size before relaxing)
 .debug_str     0x00101452      0xc77 Drivers/STM32L4xx_HAL_Driver/stm32l4xx_hal_tim.o
                              0xfd9f6 (size before relaxing)
 .debug_str     0x001020c9      0x5b5 Drivers/STM32L4xx_HAL_Driver/stm32l4xx_hal_tim_ex.o
                              0xfd3c1 (size before relaxing)

.debug_ranges   0x00000000     0x1078
 .debug_ranges  0x00000000       0x20 Application/SW4STM32/startup_stm32l476xx.o
 .debug_ranges  0x00000020       0x20 Application/User/battery.o
 .debug_ranges  0x00000040       0x80 Application/User/main.o
 .debug_ranges  0x000000c0       0x48 Application/User/microphone.o
 .debug_ranges  0x00000108       0x10 Application/User/speaker.o
 .debug_ranges  0x00000118       0x50 Application/User/stm32l4xx_hal_msp.o
 .debug_ranges  0x00000168       0x70 Application/User/stm32l4xx_it.o
 .debug_ranges  0x000001d8       0x20 Application/User/system.o
 .debug_ranges  0x000001f8       0x18 Drivers/CMSIS/system_stm32l4xx.o
 .debug_ranges  0x00000210      0x108 Drivers/STM32L4xx_HAL_Driver/stm32l4xx_hal.o
 .debug_ranges  0x00000318       0xe8 Drivers/STM32L4xx_HAL_Driver/stm32l4xx_hal_adc.o
 .debug_ranges  0x00000400       0xe0 Drivers/STM32L4xx_HAL_Driver/stm32l4xx_hal_adc_ex.o
 .debug_ranges  0x000004e0       0xf8 Drivers/STM32L4xx_HAL_Driver/stm32l4xx_hal_cortex.o
 .debug_ranges  0x000005d8       0xb0 Drivers/STM32L4xx_HAL_Driver/stm32l4xx_hal_dac.o
 .debug_ranges  0x00000688       0x78 Drivers/STM32L4xx_HAL_Driver/stm32l4xx_hal_dac_ex.o
 .debug_ranges  0x00000700       0x70 Drivers/STM32L4xx_HAL_Driver/stm32l4xx_hal_dma.o
 .debug_ranges  0x00000770       0x48 Drivers/STM32L4xx_HAL_Driver/stm32l4xx_hal_gpio.o
 .debug_ranges  0x000007b8      0x138 Drivers/STM32L4xx_HAL_Driver/stm32l4xx_hal_pwr_ex.o
 .debug_ranges  0x000008f0       0x90 Drivers/STM32L4xx_HAL_Driver/stm32l4xx_hal_rcc.o
 .debug_ranges  0x00000980       0xc8 Drivers/STM32L4xx_HAL_Driver/stm32l4xx_hal_rcc_ex.o
 .debug_ranges  0x00000a48      0x180 Drivers/STM32L4xx_HAL_Driver/stm32l4xx_hal_sai.o
 .debug_ranges  0x00000bc8      0x368 Drivers/STM32L4xx_HAL_Driver/stm32l4xx_hal_tim.o
 .debug_ranges  0x00000f30      0x148 Drivers/STM32L4xx_HAL_Driver/stm32l4xx_hal_tim_ex.o

.debug_loc      0x00000000     0xe78a
 .debug_loc     0x00000000       0x76 Application/User/battery.o
 .debug_loc     0x00000076       0x9d Application/User/main.o
 .debug_loc     0x00000113       0xeb Application/User/microphone.o
 .debug_loc     0x000001fe       0x8e Application/User/speaker.o
 .debug_loc     0x0000028c      0x222 Application/User/stm32l4xx_hal_msp.o
 .debug_loc     0x000004ae       0x85 Application/User/system.o
 .debug_loc     0x00000533      0x1b8 Drivers/CMSIS/system_stm32l4xx.o
 .debug_loc     0x000006eb       0xf8 Drivers/STM32L4xx_HAL_Driver/stm32l4xx_hal.o
 .debug_loc     0x000007e3     0x1e1f Drivers/STM32L4xx_HAL_Driver/stm32l4xx_hal_adc.o
 .debug_loc     0x00002602     0x1630 Drivers/STM32L4xx_HAL_Driver/stm32l4xx_hal_adc_ex.o
 .debug_loc     0x00003c32      0x5ce Drivers/STM32L4xx_HAL_Driver/stm32l4xx_hal_cortex.o
 .debug_loc     0x00004200      0x7d0 Drivers/STM32L4xx_HAL_Driver/stm32l4xx_hal_dac.o
 .debug_loc     0x000049d0      0x5ab Drivers/STM32L4xx_HAL_Driver/stm32l4xx_hal_dac_ex.o
 .debug_loc     0x00004f7b      0x79c Drivers/STM32L4xx_HAL_Driver/stm32l4xx_hal_dma.o
 .debug_loc     0x00005717      0x3a5 Drivers/STM32L4xx_HAL_Driver/stm32l4xx_hal_gpio.o
 .debug_loc     0x00005abc      0x8e9 Drivers/STM32L4xx_HAL_Driver/stm32l4xx_hal_pwr_ex.o
 .debug_loc     0x000063a5      0x5dd Drivers/STM32L4xx_HAL_Driver/stm32l4xx_hal_rcc.o
 .debug_loc     0x00006982     0x1c4e Drivers/STM32L4xx_HAL_Driver/stm32l4xx_hal_rcc_ex.o
 .debug_loc     0x000085d0     0x13b6 Drivers/STM32L4xx_HAL_Driver/stm32l4xx_hal_sai.o
 .debug_loc     0x00009986     0x3733 Drivers/STM32L4xx_HAL_Driver/stm32l4xx_hal_tim.o
 .debug_loc     0x0000d0b9     0x16d1 Drivers/STM32L4xx_HAL_Driver/stm32l4xx_hal_tim_ex.o

.debug_macro    0x00000000    0x2aecc
 .debug_macro   0x00000000      0x373 Application/User/battery.o
 .debug_macro   0x00000373      0xa60 Application/User/battery.o
 .debug_macro   0x00000dd3       0x7c Application/User/battery.o
 .debug_macro   0x00000e4f       0xc0 Application/User/battery.o
 .debug_macro   0x00000f0f       0x2e Application/User/battery.o
 .debug_macro   0x00000f3d       0x28 Application/User/battery.o
 .debug_macro   0x00000f65       0x22 Application/User/battery.o
 .debug_macro   0x00000f87       0x87 Application/User/battery.o
 .debug_macro   0x0000100e       0x51 Application/User/battery.o
 .debug_macro   0x0000105f       0xef Application/User/battery.o
 .debug_macro   0x0000114e       0x6a Application/User/battery.o
 .debug_macro   0x000011b8      0x1df Application/User/battery.o
 .debug_macro   0x00001397       0x35 Application/User/battery.o
 .debug_macro   0x000013cc       0x50 Application/User/battery.o
 .debug_macro   0x0000141c      0xe66 Application/User/battery.o
 .debug_macro   0x00002282    0x1a102 Application/User/battery.o
 .debug_macro   0x0001c384       0x43 Application/User/battery.o
 .debug_macro   0x0001c3c7     0x3788 Application/User/battery.o
 .debug_macro   0x0001fb4f       0x58 Application/User/battery.o
 .debug_macro   0x0001fba7       0x17 Application/User/battery.o
 .debug_macro   0x0001fbbe       0x35 Application/User/battery.o
 .debug_macro   0x0001fbf3       0x9c Application/User/battery.o
 .debug_macro   0x0001fc8f       0x16 Application/User/battery.o
 .debug_macro   0x0001fca5       0x97 Application/User/battery.o
 .debug_macro   0x0001fd3c      0x330 Application/User/battery.o
 .debug_macro   0x0002006c       0xfd Application/User/battery.o
 .debug_macro   0x00020169       0x10 Application/User/battery.o
 .debug_macro   0x00020179       0x58 Application/User/battery.o
 .debug_macro   0x000201d1       0x1f Application/User/battery.o
 .debug_macro   0x000201f0       0x43 Application/User/battery.o
 .debug_macro   0x00020233       0x20 Application/User/battery.o
 .debug_macro   0x00020253      0x18e Application/User/battery.o
 .debug_macro   0x000203e1       0x10 Application/User/battery.o
 .debug_macro   0x000203f1       0x1c Application/User/battery.o
 .debug_macro   0x0002040d       0x52 Application/User/battery.o
 .debug_macro   0x0002045f       0x40 Application/User/battery.o
 .debug_macro   0x0002049f       0x10 Application/User/battery.o
 .debug_macro   0x000204af       0x40 Application/User/battery.o
 .debug_macro   0x000204ef       0xd7 Application/User/battery.o
 .debug_macro   0x000205c6       0x1c Application/User/battery.o
 .debug_macro   0x000205e2       0x3d Application/User/battery.o
 .debug_macro   0x0002061f       0x16 Application/User/battery.o
 .debug_macro   0x00020635      0x16f Application/User/battery.o
 .debug_macro   0x000207a4       0x50 Application/User/battery.o
 .debug_macro   0x000207f4     0x155f Application/User/battery.o
 .debug_macro   0x00021d53      0x59e Application/User/battery.o
 .debug_macro   0x000222f1      0x148 Application/User/battery.o
 .debug_macro   0x00022439      0x18b Application/User/battery.o
 .debug_macro   0x000225c4      0x26b Application/User/battery.o
 .debug_macro   0x0002282f      0x23a Application/User/battery.o
 .debug_macro   0x00022a69      0xf41 Application/User/battery.o
 .debug_macro   0x000239aa      0x64e Application/User/battery.o
 .debug_macro   0x00023ff8      0x367 Application/User/battery.o
 .debug_macro   0x0002435f      0x153 Application/User/battery.o
 .debug_macro   0x000244b2       0xd9 Application/User/battery.o
 .debug_macro   0x0002458b      0x36e Application/User/battery.o
 .debug_macro   0x000248f9       0xe4 Application/User/battery.o
 .debug_macro   0x000249dd      0x225 Application/User/battery.o
 .debug_macro   0x00024c02       0x61 Application/User/battery.o
 .debug_macro   0x00024c63       0x97 Application/User/battery.o
 .debug_macro   0x00024cfa      0x126 Application/User/battery.o
 .debug_macro   0x00024e20      0x3db Application/User/battery.o
 .debug_macro   0x000251fb      0x447 Application/User/battery.o
 .debug_macro   0x00025642      0x9f7 Application/User/battery.o
 .debug_macro   0x00026039      0x1ec Application/User/battery.o
 .debug_macro   0x00026225      0x325 Application/User/battery.o
 .debug_macro   0x0002654a      0x394 Application/User/main.o
 .debug_macro   0x000268de       0x10 Application/User/main.o
 .debug_macro   0x000268ee      0x372 Application/User/microphone.o
 .debug_macro   0x00026c60      0x373 Application/User/speaker.o
 .debug_macro   0x00026fd3      0x369 Application/User/stm32l4xx_hal_msp.o
 .debug_macro   0x0002733c      0x373 Application/User/stm32l4xx_it.o
 .debug_macro   0x000276af      0x377 Application/User/system.o
 .debug_macro   0x00027a26      0x370 Drivers/CMSIS/system_stm32l4xx.o
 .debug_macro   0x00027d96      0x3b7 Drivers/STM32L4xx_HAL_Driver/stm32l4xx_hal.o
 .debug_macro   0x0002814d      0x386 Drivers/STM32L4xx_HAL_Driver/stm32l4xx_hal_adc.o
 .debug_macro   0x000284d3      0x375 Drivers/STM32L4xx_HAL_Driver/stm32l4xx_hal_adc_ex.o
 .debug_macro   0x00028848      0x369 Drivers/STM32L4xx_HAL_Driver/stm32l4xx_hal_cortex.o
 .debug_macro   0x00028bb1      0x378 Drivers/STM32L4xx_HAL_Driver/stm32l4xx_hal_dac.o
 .debug_macro   0x00028f29      0x369 Drivers/STM32L4xx_HAL_Driver/stm32l4xx_hal_dac_ex.o
 .debug_macro   0x00029292      0x369 Drivers/STM32L4xx_HAL_Driver/stm32l4xx_hal_dma.o
 .debug_macro   0x000295fb      0x3a8 Drivers/STM32L4xx_HAL_Driver/stm32l4xx_hal_gpio.o
 .debug_macro   0x000299a3      0x38d Drivers/STM32L4xx_HAL_Driver/stm32l4xx_hal_pwr_ex.o
 .debug_macro   0x00029d30      0x3ab Drivers/STM32L4xx_HAL_Driver/stm32l4xx_hal_rcc.o
 .debug_macro   0x0002a0db      0x39f Drivers/STM32L4xx_HAL_Driver/stm32l4xx_hal_rcc_ex.o
 .debug_macro   0x0002a47a      0x37f Drivers/STM32L4xx_HAL_Driver/stm32l4xx_hal_sai.o
 .debug_macro   0x0002a7f9      0x36a Drivers/STM32L4xx_HAL_Driver/stm32l4xx_hal_tim.o
 .debug_macro   0x0002ab63      0x369 Drivers/STM32L4xx_HAL_Driver/stm32l4xx_hal_tim_ex.o

.comment        0x00000000       0x7e
 .comment       0x00000000       0x7e Application/User/battery.o
                                 0x7f (size before relaxing)
 .comment       0x0000007e       0x7f Application/User/main.o
 .comment       0x0000007e       0x7f Application/User/microphone.o
 .comment       0x0000007e       0x7f Application/User/speaker.o
 .comment       0x0000007e       0x7f Application/User/stm32l4xx_hal_msp.o
 .comment       0x0000007e       0x7f Application/User/stm32l4xx_it.o
 .comment       0x0000007e       0x7f Application/User/system.o
 .comment       0x0000007e       0x7f Drivers/CMSIS/system_stm32l4xx.o
 .comment       0x0000007e       0x7f Drivers/STM32L4xx_HAL_Driver/stm32l4xx_hal.o
 .comment       0x0000007e       0x7f Drivers/STM32L4xx_HAL_Driver/stm32l4xx_hal_adc.o
 .comment       0x0000007e       0x7f Drivers/STM32L4xx_HAL_Driver/stm32l4xx_hal_adc_ex.o
 .comment       0x0000007e       0x7f Drivers/STM32L4xx_HAL_Driver/stm32l4xx_hal_cortex.o
 .comment       0x0000007e       0x7f Drivers/STM32L4xx_HAL_Driver/stm32l4xx_hal_dac.o
 .comment       0x0000007e       0x7f Drivers/STM32L4xx_HAL_Driver/stm32l4xx_hal_dac_ex.o
 .comment       0x0000007e       0x7f Drivers/STM32L4xx_HAL_Driver/stm32l4xx_hal_dma.o
 .comment       0x0000007e       0x7f Drivers/STM32L4xx_HAL_Driver/stm32l4xx_hal_gpio.o
 .comment       0x0000007e       0x7f Drivers/STM32L4xx_HAL_Driver/stm32l4xx_hal_pwr_ex.o
 .comment       0x0000007e       0x7f Drivers/STM32L4xx_HAL_Driver/stm32l4xx_hal_rcc.o
 .comment       0x0000007e       0x7f Drivers/STM32L4xx_HAL_Driver/stm32l4xx_hal_rcc_ex.o
 .comment       0x0000007e       0x7f Drivers/STM32L4xx_HAL_Driver/stm32l4xx_hal_sai.o
 .comment       0x0000007e       0x7f Drivers/STM32L4xx_HAL_Driver/stm32l4xx_hal_tim.o
 .comment       0x0000007e       0x7f Drivers/STM32L4xx_HAL_Driver/stm32l4xx_hal_tim_ex.o

.debug_frame    0x00000000     0x2ea0
 .debug_frame   0x00000000       0x58 Application/User/battery.o
 .debug_frame   0x00000058      0x1c0 Application/User/main.o
 .debug_frame   0x00000218       0x8c Application/User/microphone.o
 .debug_frame   0x000002a4       0x28 Application/User/speaker.o
 .debug_frame   0x000002cc      0x118 Application/User/stm32l4xx_hal_msp.o
 .debug_frame   0x000003e4      0x108 Application/User/stm32l4xx_it.o
 .debug_frame   0x000004ec       0x60 Application/User/system.o
 .debug_frame   0x0000054c       0x30 Drivers/CMSIS/system_stm32l4xx.o
 .debug_frame   0x0000057c      0x23c Drivers/STM32L4xx_HAL_Driver/stm32l4xx_hal.o
 .debug_frame   0x000007b8      0x2f8 Drivers/STM32L4xx_HAL_Driver/stm32l4xx_hal_adc.o
 .debug_frame   0x00000ab0      0x2d0 Drivers/STM32L4xx_HAL_Driver/stm32l4xx_hal_adc_ex.o
 .debug_frame   0x00000d80      0x15c Drivers/STM32L4xx_HAL_Driver/stm32l4xx_hal_cortex.o
 .debug_frame   0x00000edc      0x1f0 Drivers/STM32L4xx_HAL_Driver/stm32l4xx_hal_dac.o
 .debug_frame   0x000010cc      0x168 Drivers/STM32L4xx_HAL_Driver/stm32l4xx_hal_dac_ex.o
 .debug_frame   0x00001234      0x16c Drivers/STM32L4xx_HAL_Driver/stm32l4xx_hal_dma.o
 .debug_frame   0x000013a0       0xd8 Drivers/STM32L4xx_HAL_Driver/stm32l4xx_hal_gpio.o
 .debug_frame   0x00001478      0x278 Drivers/STM32L4xx_HAL_Driver/stm32l4xx_hal_pwr_ex.o
 .debug_frame   0x000016f0      0x184 Drivers/STM32L4xx_HAL_Driver/stm32l4xx_hal_rcc.o
 .debug_frame   0x00001874      0x1f4 Drivers/STM32L4xx_HAL_Driver/stm32l4xx_hal_rcc_ex.o
 .debug_frame   0x00001a68      0x418 Drivers/STM32L4xx_HAL_Driver/stm32l4xx_hal_sai.o
 .debug_frame   0x00001e80      0xa0c Drivers/STM32L4xx_HAL_Driver/stm32l4xx_hal_tim.o
 .debug_frame   0x0000288c      0x3f0 Drivers/STM32L4xx_HAL_Driver/stm32l4xx_hal_tim_ex.o
 .debug_frame   0x00002c7c       0xac c:/program files/ac6/plugins/fr.ac6.mcu.externaltools.arm-none.win32_1.16.0.201807130628/tools/compiler/bin/../lib/gcc/arm-none-eabi/7.2.1/thumb/v7e-m/fpv4-sp/hard\libgcc.a(_arm_addsubdf3.o)
 .debug_frame   0x00002d28       0x50 c:/program files/ac6/plugins/fr.ac6.mcu.externaltools.arm-none.win32_1.16.0.201807130628/tools/compiler/bin/../lib/gcc/arm-none-eabi/7.2.1/thumb/v7e-m/fpv4-sp/hard\libgcc.a(_arm_muldivdf3.o)
 .debug_frame   0x00002d78       0x24 c:/program files/ac6/plugins/fr.ac6.mcu.externaltools.arm-none.win32_1.16.0.201807130628/tools/compiler/bin/../lib/gcc/arm-none-eabi/7.2.1/thumb/v7e-m/fpv4-sp/hard\libgcc.a(_arm_fixunsdfsi.o)
 .debug_frame   0x00002d9c       0x24 c:/program files/ac6/plugins/fr.ac6.mcu.externaltools.arm-none.win32_1.16.0.201807130628/tools/compiler/bin/../lib/gcc/arm-none-eabi/7.2.1/thumb/v7e-m/fpv4-sp/hard\libgcc.a(_arm_truncdfsf2.o)
 .debug_frame   0x00002dc0       0x2c c:/program files/ac6/plugins/fr.ac6.mcu.externaltools.arm-none.win32_1.16.0.201807130628/tools/compiler/bin/../lib/gcc/arm-none-eabi/7.2.1/thumb/v7e-m/fpv4-sp/hard\libgcc.a(_aeabi_uldivmod.o)
 .debug_frame   0x00002dec       0x28 c:/program files/ac6/plugins/fr.ac6.mcu.externaltools.arm-none.win32_1.16.0.201807130628/tools/compiler/bin/../lib/gcc/arm-none-eabi/7.2.1/thumb/v7e-m/fpv4-sp/hard\libgcc.a(_fixsfdi.o)
 .debug_frame   0x00002e14       0x2c c:/program files/ac6/plugins/fr.ac6.mcu.externaltools.arm-none.win32_1.16.0.201807130628/tools/compiler/bin/../lib/gcc/arm-none-eabi/7.2.1/thumb/v7e-m/fpv4-sp/hard\libgcc.a(_fixunssfdi.o)
 .debug_frame   0x00002e40       0x34 c:/program files/ac6/plugins/fr.ac6.mcu.externaltools.arm-none.win32_1.16.0.201807130628/tools/compiler/bin/../lib/gcc/arm-none-eabi/7.2.1/thumb/v7e-m/fpv4-sp/hard\libgcc.a(_udivmoddi4.o)
 .debug_frame   0x00002e74       0x2c c:/program files/ac6/plugins/fr.ac6.mcu.externaltools.arm-none.win32_1.16.0.201807130628/tools/compiler/bin/../lib/gcc/arm-none-eabi/7.2.1/../../../../arm-none-eabi/lib/thumb/v7e-m/fpv4-sp/hard\libc_nano.a(lib_a-init.o)
